// Jest Snapshot v1, https://goo.gl/fbAQLP

exports[`fragment CC(=O)CCC(=O)O 1`] = `
[
  {
    "em": 116.04734411655001,
    "hose": undefined,
    "ignored": 0,
    "intensity": 100,
    "mf": "C5H8O3",
    "mfs": [
      "C5H8O3",
    ],
    "ms": 117.05462056887094,
    "ppm": -0.004859876032678206,
  },
  {
    "contribution": 0,
    "em": 70.04186481295001,
    "hose": "daxL@@QdfuijX@xPJBJCvAFXV_hb@~UTNET eFHBLGBTEP_hhOeUNET gC\`\`@dff@xPhIP^\`c}D\`_JjNET gGP\`@dfvZ\`NDJBTGlHvGOtRA|jhxUP gJP\`@dfyhCaB\`eAyBMgzI@~UT\\Jh",
    "ignored": 1,
    "intensity": 20,
    "mf": "C4H6O",
    "mfs": [
      "C4H6O",
    ],
    "ms": 71.04914126527095,
    "ppm": 7.5825649607296395,
  },
  {
    "contribution": 0.33333333333333337,
    "em": 44.997654271369996,
    "hose": "daxL@@QdfufjX@XRJCJC}DRGBjqpj\` daxL@@QdfufjX@xRJCJCvIFXV_hbPxUVNET eF@Hp\\IPUA~b\`xUTxUP gGP\`@dfuj\`NEJCTGlhvGOtRQpjlxUP gJP\`@dfvhCaR\`uAz[OtRQpjlxUP",
    "ignored": 0,
    "intensity": 40,
    "mf": "CHO2",
    "mfs": [
      "CHO2",
    ],
    "ms": 46.004930723690926,
    "ppm": 11.93950953587694,
  },
  {
    "contribution": 0,
    "em": 58.005479303600005,
    "hose": "daxL@@QdfufjX@XSJ@jC}DSGBjIpj\` daxL@@QdfufjX@XSJ@jC}DSGBjIpj\` daxL@@QdfufjX@xSJ@jCrYaY~bIcaUDxUP eF@Hp\\IPUA~b\`xUTxUP gC\`@Dij@xPhIP^PrY~bPNEUGBj@",
    "ignored": 0,
    "intensity": 20,
    "mf": "C2H2O2",
    "mfs": [
      "C2H2O2",
    ],
    "ms": 59.012755755920935,
    "ppm": 9.222482022648837,
  },
  {
    "contribution": 0.6666666666666666,
    "em": 56.02621474848999,
    "hose": "daxL@@QdfufjX@XSJ@jC}DSGBjIpj\` daxL@@QdfufjX@XSJ@jC}DSGBjIpj\` daxL@@QdfufjX@xSJ@jCrYaY~bIcaUDxUP eF@Hp\\IPUA~b\`xUTxUP gC\`@Dij@xPhIP^PrY~bPNEUGBj@",
    "ignored": 1,
    "intensity": 60,
    "mf": "C3H4O",
    "mfs": [
      "C3H4O",
    ],
    "ms": 57.03349120081092,
    "ppm": 9.622402162682588,
  },
  {
    "contribution": 1,
    "em": 41.002739651800006,
    "hose": "daxL@@[df]fjX@XRJAJC}DRGBjQpj\` daxL@@[df]fjX@xRJAJCvIf\\V_hbPxURNET eF@Hp\\IPUA~b\`xUTxUP gGQ@@dsmTApiPJ\`}efxy~bRNETgBj@ gJQ@@dru@\\JTBhOQY~bRNETgBj@",
    "ignored": 0,
    "intensity": 80,
    "mf": "C2HO",
    "mfs": [
      "C2HO",
    ],
    "ms": 42.010016104120936,
    "ppm": 12.946814343369255,
  },
  {
    "contribution": 0.16666666666666666,
    "em": 100.01604398763,
    "hose": "daxL@@[dfufjX@xRJAJCvIvXV_hbPxURNET eF@Hp\\IPUA~b\`xUTxUP gCa@@dsPGBe@jCtW_hdcaUIpj\` gGQ@@dvmTApiPJ\`}evpy~bRNETgBj@ gJQ@@dvu@\\JTBhOI]lQIGBjSaU@",
    "ignored": 0,
    "intensity": 30,
    "mf": "C4H4O3",
    "mfs": [
      "C4H4O3",
    ],
    "ms": 101.02332043995094,
    "ppm": 5.340945503604677,
  },
]
`;

exports[`fragment CC(N)C1CCC(CC#N)C(CC=O)C1 1`] = `
[
  {
    "em": 208.15756327303,
    "hose": undefined,
    "ignored": 0,
    "intensity": 100,
    "mf": "C12H20N2O",
    "mfs": [
      "C12H20N2O",
    ],
    "ms": 209.16483972535093,
    "ppm": 2.6308181135726816,
  },
  {
    "contribution": 0,
    "em": 164.10753907522002,
    "hose": "daz@@@RYmjjhb\`NDb\`R\`|pYDIF\\VUgzHdNETcaU@ dcN@@@RYm[^FjjjhhHRabAHCaHhDhOJFQBQgEeXt]\`qN_hbPxURNET deV@@@RYm[ajjjl\`aJFHCaHhDhOBFQBQgEeXt]gzHdNETcaU@ eF@Hp\\IPUA~b\`xUTxUP gGX@@dsUUIPNEJATGeHT_hdcaUIpj\`",
    "ignored": 1,
    "intensity": 20,
    "mf": "C10H14NO",
    "mfs": [
      "C10H14NO",
    ],
    "ms": 165.11481552754094,
    "ppm": 3.2975384875625484,
  },
  {
    "contribution": 0.5000000000000001,
    "em": 44.05002419781,
    "hose": "daz@@@RYmjjhb\`NDb\`R\`|pYDIF\\VUgzHdNETcaU@ dcN@@@RYm[^FjjjhhHRabAHCaHhDhOJFQBQgEeXt]\`qN_hbPxURNET deV@@@RYm[ajjjl\`aJFHCaHhDhOBFQBQgEeXt]gzHdNETcaU@ eF@Hp\\IPUA~b\`xUTxUP gGX@@dsUUIPNEJATGeHT_hdcaUIpj\`",
    "ignored": 0,
    "intensity": 50,
    "mf": "C2H6N",
    "mfs": [
      "C2H6N",
    ],
    "ms": 45.05730065013093,
    "ppm": 12.192249893998104,
  },
  {
    "contribution": 0.6666666666666666,
    "em": 192.13883920414003,
    "hose": "daz@@@RYmjjhb\`NDB\`b\`|pYDIF\\VUgzH\`KeUCaU@ deV@@@RYm[ajjjlbaBFhCa@hHhOBFQBQgEeXt]gzH\`KeUCaU@ eF\`BLGBTEP_hhKeUNET gCh@@duPGBEAJCrFROtRA\\jhxUP gGX@@dsUUIPNDJBTGbLdJMwzI@nUT\\Jh",
    "ignored": 0,
    "intensity": 60,
    "mf": "C12H18NO",
    "mfs": [
      "C12H18NO",
    ],
    "ms": 193.14611565646095,
    "ppm": 2.818299178305648,
  },
  {
    "contribution": 0,
    "em": 193.13408817634004,
    "hose": "daz@@@R[ejjhb\`NDb\`R\`|pYDIvPVUgzHdNETcaU@ deV@@@R[e[ajjjlbcJFHCaHhDhOBFQB]dEeXt]gzHdNETcaU@ eF@Hp\\IPUA~b\`xUTxUP gCh@@duTe@xThEP^Ta]~bRNETgBj@ gGX@@dwUUIPNEJATGbLdKmGzIHxUR\\Jh",
    "ignored": 0,
    "intensity": 20,
    "mf": "C11H17N2O",
    "mfs": [
      "C11H17N2O",
    ],
    "ms": 194.14136462866097,
    "ppm": 2.809145490826691,
  },
  {
    "contribution": 0.33333333333333337,
    "em": 142.12318913968002,
    "hose": "daD@@DiYbZjjdQY@xPJBJCqAdXdYGzH\`NEUCaU@ dcN@@@RYmU~FjjjhhHPcbAhCaBhFhOCDIAYVMgPLKgzHaNETsaU@ deT@@DjYUXZjji@TPNDB\`b\`|pQDIfXVUgzH\`NEUCaU@ dg]@@@MIVV]{izjjjhlhjbRMhCaBhFhOZfYAYTMgXNSFp^WwzHaNETsaU@ dknH@CAIVYUqejjjnsBBhD\`NDr\`J\`}LPfYAQVMgXLSgzHfNETSaU@ do}H@ClDeYeWXYZjjkjKBBhDcR@xSJ@jCrqBYdEEXv]\`qN[GzHfNETSaU@ eF@Hp\\IPUA~b\`xUTxUP eF@Hp\\IPUA~b\`xUTxUP gC\`@Dij@xPhIP^PrY~bPNEUGBj@ gGP@DjZj\`NDJBTGdHd_hdCaUQpj\`",
    "ignored": 0,
    "intensity": 40,
    "mf": "C8H16NO",
    "mfs": [
      "C8H16NO",
    ],
    "ms": 143.13046559200095,
    "ppm": 3.803578761561851,
  },
  {
    "contribution": 1,
    "em": 70.04186481295,
    "hose": "dcN@@@RYm[^FjjjhhhPajAhCaDhBhOJFQBQgEeXt]\`qN_hbHxUQNET deT@@DjYUXZjji@TPNDB\`b\`|pQDIfXVUgzH\`NEUCaU@ deV@@@RYm[ajjjlbaBFhCaDhBhOUDIAYVMGzHbNETSaU@ dg^H@CAIVV[[eZjjjhlhjajIHCaBhFhOGDIfPVUCQvCdpnGe}~bHSaULxUP dknH@CAIVYUqejjjnsBBhD\`NDr\`J\`}LPfYAQVMgXLSgzHfNETSaU@ do}H@ClDeYeWXYZjjkjKBBhDcR@xSJ@jCrqBYdEEXv]\`qN[GzHfNETSaU@ eF@Hp\\IPUA~b\`xUTxUP eF@Hp\\IPUA~b\`xUTxUP gGP@DjZj\`NDJBTGdHd_hdCaUQpj\` gJP@DjZhCaB\`eAyBIgzI@xUT\\Jh",
    "ignored": 0,
    "intensity": 80,
    "mf": "C4H6O",
    "mfs": [
      "C4H6O",
    ],
    "ms": 71.04914126527093,
    "ppm": 7.723312615652714,
  },
]
`;
