// Jest Snapshot v1, https://goo.gl/fbAQLP

exports[`fragment C3CCC(C(C1CCCC1)C2CCCC2)C3 - symmetric molecule 1`] = `
[
  {
    "contribution": 0.49999999999999994,
    "hoses": [
      "gC\`@Dij@xHhIPJ\`uA~aPNEUGBjSaUYpj\`",
      "gFp@DjTvjjB\`\\DTDhCPV\`|QDpy\\PhGBjcaUEpjjxUP",
      "daD@@DjVRzjjhB\`NBB\`b\`J\`z\`|pQFIFXV]gzD\`NEUCaUDxUWNET",
      "dcL@@DjV^Xnjjjj\`J@xHJBJ@jCjCpaDXdYaYTMGY~aHCaUPxUQNEUsaU@",
      "f\`i@@@DjV^[UIpug^jjjjjj\`B\`GA@TDJ@eAr\`|XDPqDXpfTad\\pVRqVZs}BHApjhNETQpjnNET",
    ],
    "idCode": "gC\`D@lyYRVh@",
    "intensity": 50,
    "matches": [
      [
        {
          "em": 28.03130012892,
          "hoses": [
            "gC\`@Dij@xHhIPJ\`uA~aPNEUGBjSaUYpj\`",
            "gFp@DjTvjjB\`\\DTDhCPV\`|QDpy\\PhGBjcaUEpjjxUP",
            "daD@@DjVRzjjhB\`NBB\`b\`J\`z\`|pQFIFXV]gzD\`NEUCaUDxUWNET",
            "dcL@@DjV^Xnjjjj\`J@xHJBJ@jCjCpaDXdYaYTMGY~aHCaUPxUQNEUsaU@",
            "f\`i@@@DjV^[UIpug^jjjjjj\`B\`GA@TDJ@eAr\`|XDPqDXpfTad\\pVRqVZs}BHApjhNETQpjnNET",
          ],
          "idCode": "gC\`D@lyYRVh@",
          "mf": "C2H4",
          "ms": 28.030751549010933,
          "ppm": 19.566046529632903,
        },
        {
          "em": 28.03130012892,
          "hoses": [
            "gC\`@Dij@xHhIPJ\`uA~aPNEUGBjSaUYpj\`",
            "gKP@Di\\Zj@xHhIPJ\`uAxcIbsY~aPNEUGBjSaUYpj\`",
            "gFp@Di_FjhC\`b\`e@jCTGjLfKMac}B\`\\JjNETgBjsaU@",
            "daD@@Di]lJjj\`C\`\`hHhDhLhOLFQbYfEEQ~aHCaUPxURNEUcaU@",
            "dcL@@Di]f[Bjjjj@NBB\`b\`R\`r\`|HYFIfXTUCQt_hR@xUTNETcaUXxUP",
          ],
          "idCode": "gC\`D@lyYRVh@",
          "mf": "C2H4",
          "ms": 28.030751549010933,
          "ppm": 19.566046529632903,
        },
        {
          "em": 28.03130012892,
          "hoses": [
            "gC\`@Dij@xHhIPJ\`uA~aPNEUGBjSaUYpj\`",
            "gFp@DjTvjjB\`\\DTDhCPV\`|QDpy\\PhGBjcaUEpjjxUP",
            "daD@@DjVRzjjhB\`NBB\`b\`J\`z\`|pQFIFXV]gzD\`NEUCaUDxUWNET",
            "dcL@@DjV^Xnjjjj\`J@xHJBJ@jCjCpaDXdYaYTMGY~aHCaUPxUQNEUsaU@",
            "f\`i@@@DjV^[UIpug^jjjjjj\`B\`GA@TDJ@eAr\`|XDPqDXpfTad\\pVRqVZs}BHApjhNETQpjnNET",
          ],
          "idCode": "gC\`D@lyYRVh@",
          "mf": "C2H4",
          "ms": 28.030751549010933,
          "ppm": 19.566046529632903,
        },
        {
          "em": 28.03130012892,
          "hoses": [
            "gC\`@Dij@xHhIPJ\`uA~aPNEUGBjSaUYpj\`",
            "gFp@DjTvjjB\`\\DTDhCPV\`|QDpy\\PhGBjcaUEpjjxUP",
            "daD@@DjVRzjjhB\`NBB\`b\`J\`z\`|pQFIFXV]gzD\`NEUCaUDxUWNET",
            "dcL@@DjV^Xnjjjj\`J@xHJBJ@jCjCpaDXdYaYTMGY~aHCaUPxUQNEUsaU@",
            "f\`i@@@DjV^[UIpug^jjjjjj\`B\`GA@TDJ@eAr\`|XDPqDXpfTad\\pVRqVZs}BHApjhNETQpjnNET",
          ],
          "idCode": "gC\`D@lyYRVh@",
          "mf": "C2H4",
          "ms": 28.030751549010933,
          "ppm": 19.566046529632903,
        },
        {
          "em": 28.03130012892,
          "hoses": [
            "gC\`@Dij@xHhIPJ\`uA~aPNEUGBjSaUYpj\`",
            "gKP@Di\\Zj@xHhIPJ\`uAxcIbsY~aPNEUGBjSaUYpj\`",
            "gFp@Di_FjhC\`b\`e@jCTGjLfKMac}B\`\\JjNETgBjsaU@",
            "daD@@Di]lJjj\`C\`\`hHhDhLhOLFQbYfEEQ~aHCaUPxURNEUcaU@",
            "dcL@@Di]f[Bjjjj@NBB\`b\`R\`r\`|HYFIfXTUCQt_hR@xUTNETcaUXxUP",
          ],
          "idCode": "gC\`D@lyYRVh@",
          "mf": "C2H4",
          "ms": 28.030751549010933,
          "ppm": 19.566046529632903,
        },
        {
          "em": 28.03130012892,
          "hoses": [
            "gC\`@Dij@xHhIPJ\`uA~aPNEUGBjSaUYpj\`",
            "gFp@DjTvjjB\`\\DTDhCPV\`|QDpy\\PhGBjcaUEpjjxUP",
            "daD@@DjVRzjjhB\`NBB\`b\`J\`z\`|pQFIFXV]gzD\`NEUCaUDxUWNET",
            "dcL@@DjV^Xnjjjj\`J@xHJBJ@jCjCpaDXdYaYTMGY~aHCaUPxUQNEUsaU@",
            "f\`i@@@DjV^[UIpug^jjjjjj\`B\`GA@TDJ@eAr\`|XDPqDXpfTad\\pVRqVZs}BHApjhNETQpjnNET",
          ],
          "idCode": "gC\`D@lyYRVh@",
          "mf": "C2H4",
          "ms": 28.030751549010933,
          "ppm": 19.566046529632903,
        },
        {
          "em": 28.03130012892,
          "hoses": [
            "gC\`@Dij@xHhIPJ\`uA~aPNEUGBjSaUYpj\`",
            "gFp@DjTvjjB\`\\DTDhCPV\`|QDpy\\PhGBjcaUEpjjxUP",
            "daD@@DjVRzjjhB\`NBB\`b\`J\`z\`|pQFIFXV]gzD\`NEUCaUDxUWNET",
            "dcL@@DjV^Xnjjjj\`J@xHJBJ@jCjCpaDXdYaYTMGY~aHCaUPxUQNEUsaU@",
            "f\`i@@@DjV^[UIpug^jjjjjj\`B\`GA@TDJ@eAr\`|XDPqDXpfTad\\pVRqVZs}BHApjhNETQpjnNET",
          ],
          "idCode": "gC\`D@lyYRVh@",
          "mf": "C2H4",
          "ms": 28.030751549010933,
          "ppm": 19.566046529632903,
        },
        {
          "em": 28.03130012892,
          "hoses": [
            "gC\`@Dij@xHhIPJ\`uA~aPNEUGBjSaUYpj\`",
            "gKP@Di\\Zj@xHhIPJ\`uAxcIbsY~aPNEUGBjSaUYpj\`",
            "gFp@Di_FjhC\`b\`e@jCTGjLfKMac}B\`\\JjNETgBjsaU@",
            "daD@@Di]lJjj\`C\`\`hHhDhLhOLFQbYfEEQ~aHCaUPxURNEUcaU@",
            "dcL@@Di]f[Bjjjj@NBB\`b\`R\`r\`|HYFIfXTUCQt_hR@xUTNETcaUXxUP",
          ],
          "idCode": "gC\`D@lyYRVh@",
          "mf": "C2H4",
          "ms": 28.030751549010933,
          "ppm": 19.566046529632903,
        },
        {
          "em": 28.03130012892,
          "hoses": [
            "gC\`@Dij@xHhIPJ\`uA~aPNEUGBjSaUYpj\`",
            "gFp@DjTvjjB\`\\DTDhCPV\`|QDpy\\PhGBjcaUEpjjxUP",
            "daD@@DjVRzjjhB\`NBB\`b\`J\`z\`|pQFIFXV]gzD\`NEUCaUDxUWNET",
            "dcL@@DjV^Xnjjjj\`J@xHJBJ@jCjCpaDXdYaYTMGY~aHCaUPxUQNEUsaU@",
            "f\`i@@@DjV^[UIpug^jjjjjj\`B\`GA@TDJ@eAr\`|XDPqDXpfTad\\pVRqVZs}BHApjhNETQpjnNET",
          ],
          "idCode": "gC\`D@lyYRVh@",
          "mf": "C2H4",
          "ms": 28.030751549010933,
          "ppm": 19.566046529632903,
        },
      ],
    ],
    "unique": false,
  },
  {
    "contribution": 1,
    "hoses": [
      "gC\`@Dij@xHhIPJ\`uA~aPNEUGBjSaUYpj\`",
      "gFp@DjTvjjB\`\\DTDhEPF\`|QDqX\\PhGBjcaUIpjbxUP",
      "daD@@DjUbjjjhB\`NBB\`b\`R\`J\`|pQFIfPVUgzD\`NEUCaUHxUQNET",
      "dcL@@LdbRabaUUUUU@TApPTDTBTATGaBHqLrBrlZNc}BPGBjapjd\\JhgBj@",
      "f\`i@@@LdbRabbRQJFl{uUUUUUT@T@xHB\`aPHhBTGc@bFHsDDrfLcdBrVJsV_hQ@NEUApjdNETQpj\`",
    ],
    "idCode": "gJPD@leYRUj\`@",
    "intensity": 80,
    "matches": [
      [
        {
          "em": 42.04695019338,
          "hoses": [
            "gC\`@Dij@xHhIPJ\`uA~aPNEUGBjSaUYpj\`",
            "gFp@DjTvjjB\`\\DTDhEPF\`|QDqX\\PhGBjcaUIpjbxUP",
            "daD@@DjUbjjjhB\`NBB\`b\`R\`J\`|pQFIfPVUgzD\`NEUCaUHxUQNET",
            "dcL@@LdbRabaUUUUU@TApPTDTBTATGaBHqLrBrlZNc}BPGBjapjd\\JhgBj@",
            "f\`i@@@LdbRabbRQJFl{uUUUUUT@T@xHB\`aPHhBTGc@bFHsDDrfLcdBrVJsV_hQ@NEUApjdNETQpj\`",
          ],
          "idCode": "gJPD@leYRUj\`@",
          "mf": "C3H6",
          "ms": 42.04640161347093,
          "ppm": 11.853250455427661,
        },
        {
          "em": 42.04695019338,
          "hoses": [
            "gC\`@Dij@xHhIPJ\`uA~aPNEUGBjSaUYpj\`",
            "gFp@DjTvjjB\`\\DTDhEPF\`|QDqX\\PhGBjcaUIpjbxUP",
            "daD@@DjUbjjjhB\`NBB\`b\`R\`J\`|pQFIfPVUgzD\`NEUCaUHxUQNET",
            "dcL@@LdbRabaUUUUU@TApPTDTBTATGaBHqLrBrlZNc}BPGBjapjd\\JhgBj@",
            "f\`i@@@LdbRabbRQJFl{uUUUUUT@T@xHB\`aPHhBTGc@bFHsDDrfLcdBrVJsV_hQ@NEUApjdNETQpj\`",
          ],
          "idCode": "gJPD@leYRUj\`@",
          "mf": "C3H6",
          "ms": 42.04640161347093,
          "ppm": 11.853250455427661,
        },
        {
          "em": 42.04695019338,
          "hoses": [
            "gC\`@Dij@xHhIPJ\`uA~aPNEUGBjSaUYpj\`",
            "gFp@DjTvjjB\`\\DTDhEPF\`|QDqX\\PhGBjcaUIpjbxUP",
            "daD@@DjUbjjjhB\`NBB\`b\`R\`J\`|pQFIfPVUgzD\`NEUCaUHxUQNET",
            "dcL@@LdbRabaUUUUU@TApPTDTBTATGaBHqLrBrlZNc}BPGBjapjd\\JhgBj@",
            "f\`i@@@LdbRabbRQJFl{uUUUUUT@T@xHB\`aPHhBTGc@bFHsDDrfLcdBrVJsV_hQ@NEUApjdNETQpj\`",
          ],
          "idCode": "gJPD@leYRUj\`@",
          "mf": "C3H6",
          "ms": 42.04640161347093,
          "ppm": 11.853250455427661,
        },
        {
          "em": 42.04695019338,
          "hoses": [
            "gC\`@Dij@xHhIPJ\`uA~aPNEUGBjSaUYpj\`",
            "gFp@DjTvjjB\`\\DTDhEPF\`|QDqX\\PhGBjcaUIpjbxUP",
            "daD@@DjUbjjjhB\`NBB\`b\`R\`J\`|pQFIfPVUgzD\`NEUCaUHxUQNET",
            "dcL@@LdbRabaUUUUU@TApPTDTBTATGaBHqLrBrlZNc}BPGBjapjd\\JhgBj@",
            "f\`i@@@LdbRabbRQJFl{uUUUUUT@T@xHB\`aPHhBTGc@bFHsDDrfLcdBrVJsV_hQ@NEUApjdNETQpj\`",
          ],
          "idCode": "gJPD@leYRUj\`@",
          "mf": "C3H6",
          "ms": 42.04640161347093,
          "ppm": 11.853250455427661,
        },
        {
          "em": 42.04695019338,
          "hoses": [
            "gC\`@Dij@xHhIPJ\`uA~aPNEUGBjSaUYpj\`",
            "gFp@DjTvjjB\`\\DTDhEPF\`|QDqX\\PhGBjcaUIpjbxUP",
            "daD@@DjUbjjjhB\`NBB\`b\`R\`J\`|pQFIfPVUgzD\`NEUCaUHxUQNET",
            "dcL@@LdbRabaUUUUU@TApPTDTBTATGaBHqLrBrlZNc}BPGBjapjd\\JhgBj@",
            "f\`i@@@LdbRabbRQJFl{uUUUUUT@T@xHB\`aPHhBTGc@bFHsDDrfLcdBrVJsV_hQ@NEUApjdNETQpj\`",
          ],
          "idCode": "gJPD@leYRUj\`@",
          "mf": "C3H6",
          "ms": 42.04640161347093,
          "ppm": 11.853250455427661,
        },
        {
          "em": 42.04695019338,
          "hoses": [
            "gC\`@Dij@xHhIPJ\`uA~aPNEUGBjSaUYpj\`",
            "gFp@DjTvjjB\`\\DTDhEPF\`|QDqX\\PhGBjcaUIpjbxUP",
            "daD@@DjUbjjjhB\`NBB\`b\`R\`J\`|pQFIfPVUgzD\`NEUCaUHxUQNET",
            "dcL@@LdbRabaUUUUU@TApPTDTBTATGaBHqLrBrlZNc}BPGBjapjd\\JhgBj@",
            "f\`i@@@LdbRabbRQJFl{uUUUUUT@T@xHB\`aPHhBTGc@bFHsDDrfLcdBrVJsV_hQ@NEUApjdNETQpj\`",
          ],
          "idCode": "gJPD@leYRUj\`@",
          "mf": "C3H6",
          "ms": 42.04640161347093,
          "ppm": 11.853250455427661,
        },
      ],
    ],
    "unique": false,
  },
  {
    "contribution": 0,
    "hoses": [
      "gC\`@Dij@xHhIPJ\`uA~aPNEUGBjSaUYpj\`",
      "gFp@DjTvjjB\`\\DTDhEPF\`|QDqX\\PhGBjcaUIpjbxUP",
      "daD@@DjUbjjjhB\`NBB\`b\`R\`J\`|pQFIfPVUgzD\`NEUCaUHxUQNET",
      "dcL@@LdbRabaUUUUU@TApPTDTBTATGaBHqLrBrlZNc}BPGBjapjd\\JhgBj@",
      "f\`i@@@LdbRabbRQJFl{uUUUUUT@T@xHB\`aPHhBTGc@bFHsDDrfLcdBrVJsV_hQ@NEUApjdNETQpj\`",
    ],
    "idCode": "foA@A@@KKEeIfV[UtZsjjjjjh@@",
    "intensity": 20,
    "matches": [
      [
        {
          "em": 178.17215070906,
          "hoses": [
            "gC\`@Dij@xHhIPJ\`uA~aPNEUGBjSaUYpj\`",
            "gFp@DjTvjjB\`\\DTDhEPF\`|QDqX\\PhGBjcaUIpjbxUP",
            "daD@@DjUbjjjhB\`NBB\`b\`R\`J\`|pQFIfPVUgzD\`NEUCaUHxUQNET",
            "dcL@@LdbRabaUUUUU@TApPTDTBTATGaBHqLrBrlZNc}BPGBjapjd\\JhgBj@",
            "f\`i@@@LdbRabbRQJFl{uUUUUUT@T@xHB\`aPHhBTGc@bFHsDDrfLcdBrVJsV_hQ@NEUApjdNETQpj\`",
          ],
          "idCode": "foA@A@@KKEeIfV[UtZsjjjjjh@@",
          "mf": "C13H22",
          "ms": 178.17160212915093,
          "ppm": 2.7943333456307076,
        },
        {
          "em": 178.17215070906,
          "hoses": [
            "gC\`@Dij@xHhIPJ\`uA~aPNEUGBjSaUYpj\`",
            "gFp@DjTvjjB\`\\DTDhEPF\`|QDqX\\PhGBjcaUIpjbxUP",
            "daD@@DjUbjjjhB\`NBB\`b\`R\`J\`|pQFIfPVUgzD\`NEUCaUHxUQNET",
            "dcL@@LdbRabaUUUUU@TApPTDTBTATGaBHqLrBrlZNc}BPGBjapjd\\JhgBj@",
            "f\`i@@@LdbRabbRQJFl{uUUUUUT@T@xHB\`aPHhBTGc@bFHsDDrfLcdBrVJsV_hQ@NEUApjdNETQpj\`",
          ],
          "idCode": "foA@A@@KKEeIfV[UtZsjjjjjh@@",
          "mf": "C13H22",
          "ms": 178.17160212915093,
          "ppm": 2.7943333456307076,
        },
        {
          "em": 178.17215070906,
          "hoses": [
            "gC\`@Dij@xHhIPJ\`uA~aPNEUGBjSaUYpj\`",
            "gFp@DjTvjjB\`\\DTDhEPF\`|QDqX\\PhGBjcaUIpjbxUP",
            "daD@@DjUbjjjhB\`NBB\`b\`R\`J\`|pQFIfPVUgzD\`NEUCaUHxUQNET",
            "dcL@@LdbRabaUUUUU@TApPTDTBTATGaBHqLrBrlZNc}BPGBjapjd\\JhgBj@",
            "f\`i@@@LdbRabbRQJFl{uUUUUUT@T@xHB\`aPHhBTGc@bFHsDDrfLcdBrVJsV_hQ@NEUApjdNETQpj\`",
          ],
          "idCode": "foA@A@@KKEeIfV[UtZsjjjjjh@@",
          "mf": "C13H22",
          "ms": 178.17160212915093,
          "ppm": 2.7943333456307076,
        },
        {
          "em": 178.17215070906,
          "hoses": [
            "gC\`@Dij@xHhIPJ\`uA~aPNEUGBjSaUYpj\`",
            "gFp@DjTvjjB\`\\DTDhEPF\`|QDqX\\PhGBjcaUIpjbxUP",
            "daD@@DjUbjjjhB\`NBB\`b\`R\`J\`|pQFIfPVUgzD\`NEUCaUHxUQNET",
            "dcL@@LdbRabaUUUUU@TApPTDTBTATGaBHqLrBrlZNc}BPGBjapjd\\JhgBj@",
            "f\`i@@@LdbRabbRQJFl{uUUUUUT@T@xHB\`aPHhBTGc@bFHsDDrfLcdBrVJsV_hQ@NEUApjdNETQpj\`",
          ],
          "idCode": "foA@A@@KKEeIfV[UtZsjjjjjh@@",
          "mf": "C13H22",
          "ms": 178.17160212915093,
          "ppm": 2.7943333456307076,
        },
        {
          "em": 178.17215070906,
          "hoses": [
            "gC\`@Dij@xHhIPJ\`uA~aPNEUGBjSaUYpj\`",
            "gFp@DjTvjjB\`\\DTDhEPF\`|QDqX\\PhGBjcaUIpjbxUP",
            "daD@@DjUbjjjhB\`NBB\`b\`R\`J\`|pQFIfPVUgzD\`NEUCaUHxUQNET",
            "dcL@@LdbRabaUUUUU@TApPTDTBTATGaBHqLrBrlZNc}BPGBjapjd\\JhgBj@",
            "f\`i@@@LdbRabbRQJFl{uUUUUUT@T@xHB\`aPHhBTGc@bFHsDDrfLcdBrVJsV_hQ@NEUApjdNETQpj\`",
          ],
          "idCode": "foA@A@@KKEeIfV[UtZsjjjjjh@@",
          "mf": "C13H22",
          "ms": 178.17160212915093,
          "ppm": 2.7943333456307076,
        },
        {
          "em": 178.17215070906,
          "hoses": [
            "gC\`@Dij@xHhIPJ\`uA~aPNEUGBjSaUYpj\`",
            "gFp@DjTvjjB\`\\DTDhEPF\`|QDqX\\PhGBjcaUIpjbxUP",
            "daD@@DjUbjjjhB\`NBB\`b\`R\`J\`|pQFIfPVUgzD\`NEUCaUHxUQNET",
            "dcL@@LdbRabaUUUUU@TApPTDTBTATGaBHqLrBrlZNc}BPGBjapjd\\JhgBj@",
            "f\`i@@@LdbRabbRQJFl{uUUUUUT@T@xHB\`aPHhBTGc@bFHsDDrfLcdBrVJsV_hQ@NEUApjdNETQpj\`",
          ],
          "idCode": "foA@A@@KKEeIfV[UtZsjjjjjh@@",
          "mf": "C13H22",
          "ms": 178.17160212915093,
          "ppm": 2.7943333456307076,
        },
      ],
    ],
    "unique": false,
  },
  {
    "contribution": 0.6666666666666669,
    "hoses": [
      "gC\`@Dij@xHhIPJ\`uA~aPNEUGBjSaUYpj\`",
      "gFp@DjTvjjB\`\\DTDhCPV\`|QDpy\\PhGBjcaUEpjjxUP",
      "daD@@DjVRzjjhB\`NBB\`b\`J\`z\`|pQFIFXV]gzD\`NEUCaUDxUWNET",
      "dcL@@DjV^Xnjjjj\`J@xHJBJ@jCjCpaDXdYaYTMGY~aHCaUPxUQNEUsaU@",
      "f\`i@@@DjV^[UIpug^jjjjjj\`B\`GA@TDJ@eAr\`|XDPqDXpfTad\\pVRqVZs}BHApjhNETQpjnNET",
    ],
    "idCode": "f\`q@A@@KNeeIfVYUSV]zjjjjj\`@@",
    "intensity": 60,
    "matches": [
      [
        {
          "em": 192.18780077352,
          "hoses": [
            "gC\`@Dij@xHhIPJ\`uA~aPNEUGBjSaUYpj\`",
            "gFp@DjTvjjB\`\\DTDhCPV\`|QDpy\\PhGBjcaUEpjjxUP",
            "daD@@DjVRzjjhB\`NBB\`b\`J\`z\`|pQFIFXV]gzD\`NEUCaUDxUWNET",
            "dcL@@DjV^Xnjjjj\`J@xHJBJ@jCjCpaDXdYaYTMGY~aHCaUPxUQNEUsaU@",
            "f\`i@@@DjV^[UIpug^jjjjjj\`B\`GA@TDJ@eAr\`|XDPqDXpfTad\\pVRqVZs}BHApjhNETQpjnNET",
          ],
          "idCode": "f\`q@A@@KNeeIfVYUSV]zjjjjj\`@@",
          "mf": "C14H24",
          "ms": 192.18725219361093,
          "ppm": 2.8503783826789792,
        },
        {
          "em": 192.18780077352,
          "hoses": [
            "gC\`@Dij@xHhIPJ\`uA~aPNEUGBjSaUYpj\`",
            "gKP@Di\\Zj@xHhIPJ\`uAxcIbsY~aPNEUGBjSaUYpj\`",
            "gFp@Di_FjhC\`b\`e@jCTGjLfKMac}B\`\\JjNETgBjsaU@",
            "daD@@Di]lJjj\`C\`\`hHhDhLhOLFQbYfEEQ~aHCaUPxURNEUcaU@",
            "dcL@@Di]f[Bjjjj@NBB\`b\`R\`r\`|HYFIfXTUCQt_hR@xUTNETcaUXxUP",
          ],
          "idCode": "f\`q@A@@KOEeIYefuSV]zjjjjj\`@@",
          "mf": "C14H24",
          "ms": 192.18725219361093,
          "ppm": 2.8503783826789792,
        },
        {
          "em": 192.18780077352,
          "hoses": [
            "gC\`@Dij@xHhIPJ\`uA~aPNEUGBjSaUYpj\`",
            "gFp@DjTvjjB\`\\DTDhCPV\`|QDpy\\PhGBjcaUEpjjxUP",
            "daD@@DjVRzjjhB\`NBB\`b\`J\`z\`|pQFIFXV]gzD\`NEUCaUDxUWNET",
            "dcL@@DjV^Xnjjjj\`J@xHJBJ@jCjCpaDXdYaYTMGY~aHCaUPxUQNEUsaU@",
            "f\`i@@@DjV^[UIpug^jjjjjj\`B\`GA@TDJ@eAr\`|XDPqDXpfTad\\pVRqVZs}BHApjhNETQpjnNET",
          ],
          "idCode": "f\`q@A@@KNeeIfVYUSV]zjjjjj\`@@",
          "mf": "C14H24",
          "ms": 192.18725219361093,
          "ppm": 2.8503783826789792,
        },
        {
          "em": 192.18780077352,
          "hoses": [
            "gC\`@Dij@xHhIPJ\`uA~aPNEUGBjSaUYpj\`",
            "gFp@DjTvjjB\`\\DTDhCPV\`|QDpy\\PhGBjcaUEpjjxUP",
            "daD@@DjVRzjjhB\`NBB\`b\`J\`z\`|pQFIFXV]gzD\`NEUCaUDxUWNET",
            "dcL@@DjV^Xnjjjj\`J@xHJBJ@jCjCpaDXdYaYTMGY~aHCaUPxUQNEUsaU@",
            "f\`i@@@DjV^[UIpug^jjjjjj\`B\`GA@TDJ@eAr\`|XDPqDXpfTad\\pVRqVZs}BHApjhNETQpjnNET",
          ],
          "idCode": "f\`q@A@@KNeeIfVYUSV]zjjjjj\`@@",
          "mf": "C14H24",
          "ms": 192.18725219361093,
          "ppm": 2.8503783826789792,
        },
        {
          "em": 192.18780077352,
          "hoses": [
            "gC\`@Dij@xHhIPJ\`uA~aPNEUGBjSaUYpj\`",
            "gKP@Di\\Zj@xHhIPJ\`uAxcIbsY~aPNEUGBjSaUYpj\`",
            "gFp@Di_FjhC\`b\`e@jCTGjLfKMac}B\`\\JjNETgBjsaU@",
            "daD@@Di]lJjj\`C\`\`hHhDhLhOLFQbYfEEQ~aHCaUPxURNEUcaU@",
            "dcL@@Di]f[Bjjjj@NBB\`b\`R\`r\`|HYFIfXTUCQt_hR@xUTNETcaUXxUP",
          ],
          "idCode": "f\`q@A@@KOEeIYefuSV]zjjjjj\`@@",
          "mf": "C14H24",
          "ms": 192.18725219361093,
          "ppm": 2.8503783826789792,
        },
        {
          "em": 192.18780077352,
          "hoses": [
            "gC\`@Dij@xHhIPJ\`uA~aPNEUGBjSaUYpj\`",
            "gFp@DjTvjjB\`\\DTDhCPV\`|QDpy\\PhGBjcaUEpjjxUP",
            "daD@@DjVRzjjhB\`NBB\`b\`J\`z\`|pQFIFXV]gzD\`NEUCaUDxUWNET",
            "dcL@@DjV^Xnjjjj\`J@xHJBJ@jCjCpaDXdYaYTMGY~aHCaUPxUQNEUsaU@",
            "f\`i@@@DjV^[UIpug^jjjjjj\`B\`GA@TDJ@eAr\`|XDPqDXpfTad\\pVRqVZs}BHApjhNETQpjnNET",
          ],
          "idCode": "f\`q@A@@KNeeIfVYUSV]zjjjjj\`@@",
          "mf": "C14H24",
          "ms": 192.18725219361093,
          "ppm": 2.8503783826789792,
        },
        {
          "em": 192.18780077352,
          "hoses": [
            "gC\`@Dij@xHhIPJ\`uA~aPNEUGBjSaUYpj\`",
            "gFp@DjTvjjB\`\\DTDhCPV\`|QDpy\\PhGBjcaUEpjjxUP",
            "daD@@DjVRzjjhB\`NBB\`b\`J\`z\`|pQFIFXV]gzD\`NEUCaUDxUWNET",
            "dcL@@DjV^Xnjjjj\`J@xHJBJ@jCjCpaDXdYaYTMGY~aHCaUPxUQNEUsaU@",
            "f\`i@@@DjV^[UIpug^jjjjjj\`B\`GA@TDJ@eAr\`|XDPqDXpfTad\\pVRqVZs}BHApjhNETQpjnNET",
          ],
          "idCode": "f\`q@A@@KNeeIfVYUSV]zjjjjj\`@@",
          "mf": "C14H24",
          "ms": 192.18725219361093,
          "ppm": 2.8503783826789792,
        },
        {
          "em": 192.18780077352,
          "hoses": [
            "gC\`@Dij@xHhIPJ\`uA~aPNEUGBjSaUYpj\`",
            "gKP@Di\\Zj@xHhIPJ\`uAxcIbsY~aPNEUGBjSaUYpj\`",
            "gFp@Di_FjhC\`b\`e@jCTGjLfKMac}B\`\\JjNETgBjsaU@",
            "daD@@Di]lJjj\`C\`\`hHhDhLhOLFQbYfEEQ~aHCaUPxURNEUcaU@",
            "dcL@@Di]f[Bjjjj@NBB\`b\`R\`r\`|HYFIfXTUCQt_hR@xUTNETcaUXxUP",
          ],
          "idCode": "f\`q@A@@KOEeIYefuSV]zjjjjj\`@@",
          "mf": "C14H24",
          "ms": 192.18725219361093,
          "ppm": 2.8503783826789792,
        },
        {
          "em": 192.18780077352,
          "hoses": [
            "gC\`@Dij@xHhIPJ\`uA~aPNEUGBjSaUYpj\`",
            "gFp@DjTvjjB\`\\DTDhCPV\`|QDpy\\PhGBjcaUEpjjxUP",
            "daD@@DjVRzjjhB\`NBB\`b\`J\`z\`|pQFIFXV]gzD\`NEUCaUDxUWNET",
            "dcL@@DjV^Xnjjjj\`J@xHJBJ@jCjCpaDXdYaYTMGY~aHCaUPxUQNEUsaU@",
            "f\`i@@@DjV^[UIpug^jjjjjj\`B\`GA@TDJ@eAr\`|XDPqDXpfTad\\pVRqVZs}BHApjhNETQpjnNET",
          ],
          "idCode": "f\`q@A@@KNeeIfVYUSV]zjjjjj\`@@",
          "mf": "C14H24",
          "ms": 192.18725219361093,
          "ppm": 2.8503783826789792,
        },
      ],
    ],
    "unique": false,
  },
  {
    "contribution": NaN,
    "hoses": "none",
    "idCode": "f\`i@@@LdbbRbaRSNFl{uUUUUUP@@",
    "intensity": 20,
    "matches": [
      [
        {
          "em": 220.21910090244,
          "hose": "none",
          "idCode": "f\`i@@@LdbbRbaRSNFl{uUUUUUP@@",
          "mf": "C16H28",
          "ms": 220.21855232253094,
          "neutralLoss": "none",
          "ppm": 2.4869724338923596,
        },
      ],
    ],
    "unique": true,
  },
]
`;

exports[`fragment CC(=O)CCC(=O)O - with Hose Codes 1`] = `
[
  {
    "contribution": 1,
    "hoses": [
      "eF@Hp\\IPUA~b\`xUTxUP",
      "gJQ@@dru@\\JTBhOQY~bRNETgBj@",
      "gGQ@@dsmTApiPJ\`}efxy~bRNETgBj@",
      "daxL@@[df]fjX@xRJAJCvIf\\V_hbPxURNET",
      "daxL@@[df]fjX@XRJAJC}DRGBjQpj\`",
    ],
    "idCode": "gCaHDEeIi\`@",
    "intensity": 80,
    "matches": [
      [
        {
          "em": 41.002739651800006,
          "hoses": [
            "eF@Hp\\IPUA~b\`xUTxUP",
            "gJQ@@dru@\\JTBhOQY~bRNETgBj@",
            "gGQ@@dsmTApiPJ\`}efxy~bRNETgBj@",
            "daxL@@[df]fjX@xRJAJCvIf\\V_hbPxURNET",
            "daxL@@[df]fjX@XRJAJC}DRGBjQpj\`",
          ],
          "idCode": "gCaHDEeIi\`@",
          "mf": "C2HO",
          "ms": 42.010016104120936,
          "neutralLoss": "H-2",
          "ppm": 12.946814343369255,
        },
      ],
    ],
    "unique": true,
  },
  {
    "contribution": 0.33333333333333337,
    "hoses": [
      "eF@Hp\\IPUA~b\`xUTxUP",
      "gJP\`@dfvhCaR\`uAz[OtRQpjlxUP",
      "gGP\`@dfuj\`NEJCTGlhvGOtRQpjlxUP",
      "daxL@@QdfufjX@xRJCJCvIFXV_hbPxUVNET",
      "daxL@@QdfufjX@XRJCJC}DRGBjqpj\`",
    ],
    "idCode": "gC\`hE\`liML@@",
    "intensity": 40,
    "matches": [
      [
        {
          "em": 44.99765427137,
          "hoses": [
            "eF@Hp\\IPUA~b\`xUTxUP",
            "gJP\`@dfvhCaR\`uAz[OtRQpjlxUP",
            "gGP\`@dfuj\`NEJCTGlhvGOtRQpjlxUP",
            "daxL@@QdfufjX@xRJCJCvIFXV_hbPxUVNET",
            "daxL@@QdfufjX@XRJCJC}DRGBjqpj\`",
          ],
          "idCode": "gC\`hE\`liML@@",
          "mf": "CHO2",
          "ms": 46.00493072369093,
          "ppm": 11.93950953572249,
        },
      ],
    ],
    "unique": true,
  },
  {
    "contribution": 0.6666666666666666,
    "hoses": [
      "eF@Hp\\IPUA~b\`xUTxUP",
      "gC\`@Dij@xPhIP^PrY~bPNEUGBj@",
      "daxL@@QdfufjX@xSJ@jCrYaY~bIcaUDxUP",
      "daxL@@QdfufjX@XSJ@jC}DSGBjIpj\`",
      "daxL@@QdfufjX@XSJ@jC}DSGBjIpj\`",
    ],
    "idCode": "gJQHLEeIZf@@",
    "intensity": 60,
    "matches": [
      [
        {
          "em": 56.02621474848999,
          "hoses": [
            "eF@Hp\\IPUA~b\`xUTxUP",
            "gC\`@Dij@xPhIP^PrY~bPNEUGBj@",
            "daxL@@QdfufjX@xSJ@jCrYaY~bIcaUDxUP",
            "daxL@@QdfufjX@XSJ@jC}DSGBjIpj\`",
            "daxL@@QdfufjX@XSJ@jC}DSGBjIpj\`",
          ],
          "idCode": "gJQHLEeIZf@@",
          "mf": "C3H4O",
          "ms": 57.03349120081092,
          "neutralLoss": "H-1",
          "ppm": 9.622402162682588,
        },
      ],
    ],
    "unique": true,
  },
  {
    "contribution": 0,
    "hoses": [
      "eF@Hp\\IPUA~b\`xUTxUP",
      "gC\`@Dij@xPhIP^PrY~bPNEUGBj@",
      "daxL@@QdfufjX@xSJ@jCrYaY~bIcaUDxUP",
      "daxL@@QdfufjX@XSJ@jC}DSGBjIpj\`",
      "daxL@@QdfufjX@XSJ@jC}DSGBjIpj\`",
    ],
    "idCode": "gJPhLPliKTp@",
    "intensity": 20,
    "matches": [
      [
        {
          "em": 58.0054793036,
          "hoses": [
            "eF@Hp\\IPUA~b\`xUTxUP",
            "gC\`@Dij@xPhIP^PrY~bPNEUGBj@",
            "daxL@@QdfufjX@xSJ@jCrYaY~bIcaUDxUP",
            "daxL@@QdfufjX@XSJ@jC}DSGBjIpj\`",
            "daxL@@QdfufjX@XSJ@jC}DSGBjIpj\`",
          ],
          "idCode": "gJPhLPliKTp@",
          "mf": "C2H2O2",
          "ms": 59.01275575592093,
          "neutralLoss": "H-1",
          "ppm": 9.222482022769242,
        },
      ],
    ],
    "unique": true,
  },
  {
    "contribution": 0,
    "hoses": [
      "eF@Hp\\IPUA~b\`xUTxUP",
      "gJP\`@dfvhCaR\`uAz[OtRQpjlxUP",
      "gGP\`@dfuj\`NEJCTGlhvGOtRQpjlxUP",
      "daxL@@QdfufjX@xRJCJCvIFXV_hbPxUVNET",
      "daxL@@QdfufjX@XRJCJC}DRGBjqpj\`",
    ],
    "idCode": "gGQHBEeIVjX@",
    "intensity": 20,
    "matches": [
      [
        {
          "em": 70.04186481295,
          "hoses": [
            "eF@Hp\\IPUA~b\`xUTxUP",
            "gJP\`@dfvhCaR\`uAz[OtRQpjlxUP",
            "gGP\`@dfuj\`NEJCTGlhvGOtRQpjlxUP",
            "daxL@@QdfufjX@xRJCJCvIFXV_hbPxUVNET",
            "daxL@@QdfufjX@XRJCJC}DRGBjqpj\`",
          ],
          "idCode": "gGQHBEeIVjX@",
          "mf": "C4H6O",
          "ms": 71.04914126527093,
          "neutralLoss": "H-1",
          "ppm": 7.5825649609296555,
        },
      ],
    ],
    "unique": true,
  },
  {
    "contribution": 0.16666666666666666,
    "hoses": [
      "eF@Hp\\IPUA~b\`xUTxUP",
      "gCa@@dsPGBe@jCtW_hdcaUIpj\`",
      "gJQ@@dvu@\\JTBhOI]lQIGBjSaU@",
      "gGQ@@dvmTApiPJ\`}evpy~bRNETgBj@",
      "daxL@@[dfufjX@xRJAJCvIvXV_hbPxURNET",
    ],
    "idCode": "daxL\`D[\`VTfuijX@@",
    "intensity": 30,
    "matches": [
      [
        {
          "em": 100.01604398763,
          "hoses": [
            "eF@Hp\\IPUA~b\`xUTxUP",
            "gCa@@dsPGBe@jCtW_hdcaUIpj\`",
            "gJQ@@dvu@\\JTBhOI]lQIGBjSaU@",
            "gGQ@@dvmTApiPJ\`}evpy~bRNETgBj@",
            "daxL@@[dfufjX@xRJAJCvIvXV_hbPxURNET",
          ],
          "idCode": "daxL\`D[\`VTfuijX@@",
          "mf": "C4H4O3",
          "ms": 101.02332043995094,
          "neutralLoss": "H-1",
          "ppm": 5.340945503604677,
        },
      ],
    ],
    "unique": true,
  },
  {
    "contribution": NaN,
    "hoses": "none",
    "idCode": "daxL@@QdfufjX@@",
    "intensity": 100,
    "matches": [
      [
        {
          "em": 116.04734411655001,
          "hose": "none",
          "idCode": "daxL@@QdfufjX@@",
          "mf": "C5H8O3",
          "ms": 117.05462056887094,
          "neutralLoss": "none",
          "ppm": -0.004859876032678206,
        },
      ],
    ],
    "unique": true,
  },
]
`;

exports[`fragment CC(N)C1CCC(CC#N)C(CC=O)C1 - no Hose Codes 1`] = `
[
  {
    "contribution": NaN,
    "hoses": "none",
    "idCode": "do}H@ClDeYeWXYZjjkj@@",
    "intensity": 100,
    "matches": [
      [
        {
          "em": 208.15756327303,
          "hose": "none",
          "idCode": "do}H@ClDeYeWXYZjjkj@@",
          "mf": "C12H20N2O",
          "ms": 209.16483972535093,
          "neutralLoss": "none",
          "ppm": 2.6308181135726816,
        },
      ],
    ],
    "unique": true,
  },
]
`;

exports[`fragment CC(N)C1CCC(CC#N)C(CC=O)C1 - no options 1`] = `
[
  {
    "contribution": 0,
    "hoses": [
      "eF@Hp\\IPUA~b\`xUTxUP",
      "gGX@@dsUUIPNEJATGeHT_hdcaUIpj\`",
      "daz@@@RYmjjhb\`NDb\`R\`|pYDIF\\VUgzHdNETcaU@",
      "deV@@@RYm[ajjjl\`aJFHCaHhDhOBFQBQgEeXt]gzHdNETcaU@",
      "dcN@@@RYm[^FjjjhhHRabAHCaHhDhOJFQBQgEeXt]\`qN_hbPxURNET",
    ],
    "idCode": "gChHDEeIj\`@",
    "intensity": 50,
    "matches": [
      [
        {
          "em": 44.05002419781,
          "hoses": [
            "eF@Hp\\IPUA~b\`xUTxUP",
            "gGX@@dsUUIPNEJATGeHT_hdcaUIpj\`",
            "daz@@@RYmjjhb\`NDb\`R\`|pYDIF\\VUgzHdNETcaU@",
            "deV@@@RYm[ajjjl\`aJFHCaHhDhOBFQBQgEeXt]gzHdNETcaU@",
            "dcN@@@RYm[^FjjjhhHRabAHCaHhDhOJFQBQgEeXt]\`qN_hbPxURNET",
          ],
          "idCode": "gChHDEeIj\`@",
          "mf": "C2H6N",
          "ms": 45.05730065013093,
          "ppm": -0.01442898085919516,
        },
      ],
    ],
    "unique": true,
  },
  {
    "contribution": 1,
    "hoses": [
      "gC\`@Dij@xHhIPJ\`uA~aPNEUGBjSaUYpj\`",
      "did@@DjY}njjjpJHHZ\`NBB\`b\`R\`Z\`|PQDIcQ~aHCaUPxURNETsaU@",
      "dkn@@@RYm[WajjjjbbaBFhF\`NBR\`J\`Z\`F\`}LPdEeXt]\`qNKgzDbNETSaULxUPnET",
      "do}H@ClDeYeWXYZjjkjKBBhDcR@XKJ@jBj@ZC}BSGBjIpjj\\JhWBj@",
      "do}H@ClDeYeWXYZjjkjKBBhDcR@XKJ@jBj@ZC}BSGBjIpjj\\JhWBj@",
    ],
    "idCode": "gNqDFEdkJSKuT\`@",
    "intensity": 80,
    "matches": [
      [
        {
          "em": 70.04186481295,
          "hoses": [
            "gC\`@Dij@xHhIPJ\`uA~aPNEUGBjSaUYpj\`",
            "did@@DjY}njjjpJHHZ\`NBB\`b\`R\`Z\`|PQDIcQ~aHCaUPxURNETsaU@",
            "dkn@@@RYm[WajjjjbbaBFhF\`NBR\`J\`Z\`F\`}LPdEeXt]\`qNKgzDbNETSaULxUPnET",
            "do}H@ClDeYeWXYZjjkjKBBhDcR@XKJ@jBj@ZC}BSGBjIpjj\\JhWBj@",
            "do}H@ClDeYeWXYZjjkjKBBhDcR@XKJ@jBj@ZC}BSGBjIpjj\\JhWBj@",
          ],
          "idCode": "gNqDFEdkJSKuT\`@",
          "mf": "C4H6O",
          "ms": 71.04914126527093,
          "ppm": -0.01780839171531147,
        },
      ],
    ],
    "unique": true,
  },
  {
    "contribution": NaN,
    "hoses": "none",
    "idCode": "do}H@ClDeYeWXYZjjkj@@",
    "intensity": 100,
    "matches": [
      [
        {
          "em": 208.15756327303,
          "hose": "none",
          "idCode": "do}H@ClDeYeWXYZjjkj@@",
          "mf": "C12H20N2O",
          "ms": 209.16483972535093,
          "neutralLoss": "none",
          "ppm": 0.24035898743697984,
        },
      ],
    ],
    "unique": true,
  },
]
`;
