// Jest Snapshot v1, https://goo.gl/fbAQLP

exports[`fragment C1CCC1 1`] = `
[
  {
    "fragmentType": "Molecular Ion",
    "idCode": "gBP@DiVj\`@",
    "mf": "C4H8",
    "mfInfo": {
      "atoms": {
        "C": 4,
        "H": 8,
      },
      "charge": 0,
      "mass": 56.10646961938721,
      "mf": "C4H8",
      "monoisotopicMass": 56.06260025784,
      "unsaturation": 1,
    },
  },
  {
    "atomMap": [
      0,
      3,
    ],
    "fragmentType": "cyclic",
    "hose": "eF@Hp\\IPUA~b\`xUTxUP eF@Hp\\IPUA~b\`xUTxUP gBP@DiVj\`FDJBTGzI@xUT\\Jh gBP@DiVj\`FDJBTGzI@xUT\\Jh gBP@DiVj\`FDJBTGzI@xUT\\Jh gBP@DiVj\`FDJBTGzI@xUT\\Jh gBP@DiVj\`FDJBTGzI@xUT\\Jh gBP@DiVj\`FDJBTGzI@xUT\\Jh gBP@DiVj\`NDJBTGdLf_hdCaUQpj\` gBP@DiVj\`NDJBTGdLf_hdCaUQpj\`",
    "hoseCodes": [
      "eF@Hp\\IPUA~b\`xUTxUP",
      "gBP@DiVj\`NDJBTGdLf_hdCaUQpj\`",
      "gBP@DiVj\`FDJBTGzI@xUT\\Jh",
      "gBP@DiVj\`FDJBTGzI@xUT\\Jh",
      "gBP@DiVj\`FDJBTGzI@xUT\\Jh",
      "eF@Hp\\IPUA~b\`xUTxUP",
      "gBP@DiVj\`NDJBTGdLf_hdCaUQpj\`",
      "gBP@DiVj\`FDJBTGzI@xUT\\Jh",
      "gBP@DiVj\`FDJBTGzI@xUT\\Jh",
      "gBP@DiVj\`FDJBTGzI@xUT\\Jh",
    ],
    "idCode": "gC\`D@lyYRVh@",
    "mf": "C2H4",
    "mfInfo": {
      "atoms": {
        "C": 2,
        "H": 4,
      },
      "charge": 0,
      "mass": 28.053234809693606,
      "mf": "C2H4",
      "monoisotopicMass": 28.03130012892,
      "unsaturation": 1,
    },
  },
  {
    "atomMap": [
      1,
      2,
    ],
    "fragmentType": "cyclic",
    "hose": "eF@Hp\\IPUA~b\`xUTxUP eF@Hp\\IPUA~b\`xUTxUP gBP@DiVj\`FDJBTGzI@xUT\\Jh gBP@DiVj\`FDJBTGzI@xUT\\Jh gBP@DiVj\`FDJBTGzI@xUT\\Jh gBP@DiVj\`FDJBTGzI@xUT\\Jh gBP@DiVj\`FDJBTGzI@xUT\\Jh gBP@DiVj\`FDJBTGzI@xUT\\Jh gBP@DiVj\`NDJBTGdLf_hdCaUQpj\` gBP@DiVj\`NDJBTGdLf_hdCaUQpj\`",
    "hoseCodes": [
      "eF@Hp\\IPUA~b\`xUTxUP",
      "gBP@DiVj\`NDJBTGdLf_hdCaUQpj\`",
      "gBP@DiVj\`FDJBTGzI@xUT\\Jh",
      "gBP@DiVj\`FDJBTGzI@xUT\\Jh",
      "gBP@DiVj\`FDJBTGzI@xUT\\Jh",
      "eF@Hp\\IPUA~b\`xUTxUP",
      "gBP@DiVj\`NDJBTGdLf_hdCaUQpj\`",
      "gBP@DiVj\`FDJBTGzI@xUT\\Jh",
      "gBP@DiVj\`FDJBTGzI@xUT\\Jh",
      "gBP@DiVj\`FDJBTGzI@xUT\\Jh",
    ],
    "idCode": "gC\`D@lyYRVh@",
    "mf": "C2H4",
    "mfInfo": {
      "atoms": {
        "C": 2,
        "H": 4,
      },
      "charge": 0,
      "mass": 28.053234809693606,
      "mf": "C2H4",
      "monoisotopicMass": 28.03130012892,
      "unsaturation": 1,
    },
  },
  {
    "atomMap": [
      0,
      1,
    ],
    "fragmentType": "cyclic",
    "hose": "eF@Hp\\IPUA~b\`xUTxUP eF@Hp\\IPUA~b\`xUTxUP gBP@DiVj\`FDJBTGzI@xUT\\Jh gBP@DiVj\`FDJBTGzI@xUT\\Jh gBP@DiVj\`FDJBTGzI@xUT\\Jh gBP@DiVj\`FDJBTGzI@xUT\\Jh gBP@DiVj\`FDJBTGzI@xUT\\Jh gBP@DiVj\`FDJBTGzI@xUT\\Jh gBP@DiVj\`NDJBTGdLf_hdCaUQpj\` gBP@DiVj\`NDJBTGdLf_hdCaUQpj\`",
    "hoseCodes": [
      "eF@Hp\\IPUA~b\`xUTxUP",
      "gBP@DiVj\`NDJBTGdLf_hdCaUQpj\`",
      "gBP@DiVj\`FDJBTGzI@xUT\\Jh",
      "gBP@DiVj\`FDJBTGzI@xUT\\Jh",
      "gBP@DiVj\`FDJBTGzI@xUT\\Jh",
      "eF@Hp\\IPUA~b\`xUTxUP",
      "gBP@DiVj\`NDJBTGdLf_hdCaUQpj\`",
      "gBP@DiVj\`FDJBTGzI@xUT\\Jh",
      "gBP@DiVj\`FDJBTGzI@xUT\\Jh",
      "gBP@DiVj\`FDJBTGzI@xUT\\Jh",
    ],
    "idCode": "gC\`D@lyYRVh@",
    "mf": "C2H4",
    "mfInfo": {
      "atoms": {
        "C": 2,
        "H": 4,
      },
      "charge": 0,
      "mass": 28.053234809693606,
      "mf": "C2H4",
      "monoisotopicMass": 28.03130012892,
      "unsaturation": 1,
    },
  },
  {
    "atomMap": [
      2,
      3,
    ],
    "fragmentType": "cyclic",
    "hose": "eF@Hp\\IPUA~b\`xUTxUP eF@Hp\\IPUA~b\`xUTxUP gBP@DiVj\`FDJBTGzI@xUT\\Jh gBP@DiVj\`FDJBTGzI@xUT\\Jh gBP@DiVj\`FDJBTGzI@xUT\\Jh gBP@DiVj\`FDJBTGzI@xUT\\Jh gBP@DiVj\`FDJBTGzI@xUT\\Jh gBP@DiVj\`FDJBTGzI@xUT\\Jh gBP@DiVj\`NDJBTGdLf_hdCaUQpj\` gBP@DiVj\`NDJBTGdLf_hdCaUQpj\`",
    "hoseCodes": [
      "eF@Hp\\IPUA~b\`xUTxUP",
      "gBP@DiVj\`NDJBTGdLf_hdCaUQpj\`",
      "gBP@DiVj\`FDJBTGzI@xUT\\Jh",
      "gBP@DiVj\`FDJBTGzI@xUT\\Jh",
      "gBP@DiVj\`FDJBTGzI@xUT\\Jh",
      "eF@Hp\\IPUA~b\`xUTxUP",
      "gBP@DiVj\`NDJBTGdLf_hdCaUQpj\`",
      "gBP@DiVj\`FDJBTGzI@xUT\\Jh",
      "gBP@DiVj\`FDJBTGzI@xUT\\Jh",
      "gBP@DiVj\`FDJBTGzI@xUT\\Jh",
    ],
    "idCode": "gC\`D@lyYRVh@",
    "mf": "C2H4",
    "mfInfo": {
      "atoms": {
        "C": 2,
        "H": 4,
      },
      "charge": 0,
      "mass": 28.053234809693606,
      "mf": "C2H4",
      "monoisotopicMass": 28.03130012892,
      "unsaturation": 1,
    },
  },
]
`;

exports[`fragment CCCCC2CCC1C(CC)CC(=O)CC1C2 1`] = `
[
  {
    "fragmentType": "Molecular Ion",
    "idCode": "fhiA@@@YEDeDddbeQbcMUUUUU@@@",
    "mf": "C16H28O",
    "mfInfo": {
      "atoms": {
        "C": 16,
        "H": 28,
        "O": 1,
      },
      "charge": 0,
      "mass": 236.393520385644,
      "mf": "C16H28O",
      "monoisotopicMass": 236.21401552201002,
      "unsaturation": 3,
    },
  },
  {
    "atomMap": [
      0,
    ],
    "fragmentType": "acyclic",
    "hose": "eF@Hp\\IPUA~b\`xUTxUP eM@HzCaJBhOIewzJCaUSaU@ gC\`@Dkj@xPhIP^pr\\lQHGBjcaU@ gJP@DkZhCaB\`eAxcIrsY~bPNEUGBj@ gNp@DkVjj@xPhIP^hr\\lvFOtRApjhxUP",
    "hoseCodes": [
      "eF@Hp\\IPUA~b\`xUTxUP",
      "eM@HzCaJBhOIewzJCaUSaU@",
      "gC\`@Dkj@xPhIP^pr\\lQHGBjcaU@",
      "gJP@DkZhCaB\`eAxcIrsY~bPNEUGBj@",
      "gNp@DkVjj@xPhIP^hr\\lvFOtRApjhxUP",
    ],
    "idCode": "eFBAYc@@",
    "mf": "CH3",
    "mfInfo": {
      "atoms": {
        "C": 1,
        "H": 3,
      },
      "charge": 0,
      "mass": 15.03455815890258,
      "mf": "CH3",
      "monoisotopicMass": 15.02347509669,
      "unsaturation": 0.5,
    },
  },
  {
    "atomMap": [
      1,
    ],
    "fragmentType": "acyclic",
    "hose": "eF@Hp\\IPUA~b\`xUTxUP eM@HzCaJBhOIewzJCaUSaU@ gC\`@Dkj@xPhIP^pr\\lQHGBjcaU@ gJP@DkZhCaB\`eAxcIrsY~bPNEUGBj@ gNp@DkVjj@xPhIP^hr\\lvFOtRApjhxUP",
    "hoseCodes": [
      "eF@Hp\\IPUA~b\`xUTxUP",
      "eM@HzCaJBhOIewzJCaUSaU@",
      "gC\`@Dkj@xPhIP^pr\\lQHGBjcaU@",
      "gJP@DkZhCaB\`eAxcIrsY~bPNEUGBj@",
      "gNp@DkVjj@xPhIP^hr\\lvFOtRApjhxUP",
    ],
    "idCode": "fhiAB@O@VTeVUmYqRMZjjjjfh@@",
    "mf": "C15H25O",
    "mfInfo": {
      "atoms": {
        "C": 15,
        "H": 25,
        "O": 1,
      },
      "charge": 0,
      "mass": 221.35896222674143,
      "mf": "C15H25O",
      "monoisotopicMass": 221.19054042532002,
      "unsaturation": 3.5,
    },
  },
  {
    "atomMap": [
      1,
    ],
    "fragmentType": "acyclic",
    "hose": "diD@@Di^Vjj\`Ca@hHhO\\FQbYgEEXv_hb@xUTNET eF@Hp\\IPUA~b\`xUTxUP gC\`@Dij@xPhIP^PrY~bPNEUGBj@ gJP@DiZhCaB\`eAxcIbs]~bPNEUGBj@ gNp@Di^jj@xPhIP^hrXlwFOtRApjhxUP",
    "hoseCodes": [
      "eF@Hp\\IPUA~b\`xUTxUP",
      "gC\`@Dij@xPhIP^PrY~bPNEUGBj@",
      "gJP@DiZhCaB\`eAxcIbs]~bPNEUGBj@",
      "gNp@Di^jj@xPhIP^hrXlwFOtRApjhxUP",
      "diD@@Di^Vjj\`Ca@hHhO\\FQbYgEEXv_hb@xUTNET",
    ],
    "idCode": "eMBAYRZ@",
    "mf": "C2H5",
    "mfInfo": {
      "atoms": {
        "C": 2,
        "H": 5,
      },
      "charge": 0,
      "mass": 29.061175563749384,
      "mf": "C2H5",
      "monoisotopicMass": 29.03912516115,
      "unsaturation": 0.5,
    },
  },
  {
    "atomMap": [
      2,
    ],
    "fragmentType": "acyclic",
    "hose": "diD@@Di^Vjj\`Ca@hHhO\\FQbYgEEXv_hb@xUTNET eF@Hp\\IPUA~b\`xUTxUP gC\`@Dij@xPhIP^PrY~bPNEUGBj@ gJP@DiZhCaB\`eAxcIbs]~bPNEUGBj@ gNp@Di^jj@xPhIP^hrXlwFOtRApjhxUP",
    "hoseCodes": [
      "eF@Hp\\IPUA~b\`xUTxUP",
      "gC\`@Dij@xPhIP^PrY~bPNEUGBj@",
      "gJP@DiZhCaB\`eAxcIbs]~bPNEUGBj@",
      "gNp@Di^jj@xPhIP^hrXlwFOtRApjhxUP",
      "diD@@Di^Vjj\`Ca@hHhO\\FQbYgEEXv_hb@xUTNET",
    ],
    "idCode": "f\`qAB@G@VTeYVugxKQjjjjij@@",
    "mf": "C14H23O",
    "mfInfo": {
      "atoms": {
        "C": 14,
        "H": 23,
        "O": 1,
      },
      "charge": 0,
      "mass": 207.33234482189462,
      "mf": "C14H23O",
      "monoisotopicMass": 207.17489036086002,
      "unsaturation": 3.5,
    },
  },
  {
    "atomMap": [
      2,
    ],
    "fragmentType": "acyclic",
    "hose": "diD@@DiYVjj\`Ca@hHhO\\FQbQfEeXw_hb@xUTNET dmt@@DiYWafjjjdRcb@xPJBJCtadXdYaYVMwPN_hb@xUTNET eF@Hp\\IPUA~b\`xUTxUP gC\`@Dij@xPhIP^PrY~bPNEUGBj@ gNp@DiYjj@xPhIP^HrXhv_hdCaUQpj\`",
    "hoseCodes": [
      "eF@Hp\\IPUA~b\`xUTxUP",
      "gC\`@Dij@xPhIP^PrY~bPNEUGBj@",
      "gNp@DiYjj@xPhIP^HrXhv_hdCaUQpj\`",
      "diD@@DiYVjj\`Ca@hHhO\\FQbQfEeXw_hb@xUTNET",
      "dmt@@DiYWafjjjdRcb@xPJBJCtadXdYaYVMwPN_hb@xUTNET",
    ],
    "idCode": "gC\`H@liKT@@",
    "mf": "C3H7",
    "mfInfo": {
      "atoms": {
        "C": 3,
        "H": 7,
      },
      "charge": 0,
      "mass": 43.08779296859618,
      "mf": "C3H7",
      "monoisotopicMass": 43.05477522561,
      "unsaturation": 0.5,
    },
  },
  {
    "atomMap": [
      3,
    ],
    "fragmentType": "acyclic",
    "hose": "diD@@DiYVjj\`Ca@hHhO\\FQbQfEeXw_hb@xUTNET dmt@@DiYWafjjjdRcb@xPJBJCtadXdYaYVMwPN_hb@xUTNET eF@Hp\\IPUA~b\`xUTxUP gC\`@Dij@xPhIP^PrY~bPNEUGBj@ gNp@DiYjj@xPhIP^HrXhv_hdCaUQpj\`",
    "hoseCodes": [
      "eF@Hp\\IPUA~b\`xUTxUP",
      "gC\`@Dij@xPhIP^PrY~bPNEUGBj@",
      "gNp@DiYjj@xPhIP^HrXhv_hdCaUQpj\`",
      "diD@@DiYVjj\`Ca@hHhO\\FQbQfEeXw_hb@xUTNET",
      "dmt@@DiYWafjjjdRcb@xPJBJCtadXdYaYVMwPN_hb@xUTNET",
    ],
    "idCode": "foAAB@K@VTee[V]gEZjjjjZ\`@@",
    "mf": "C13H21O",
    "mfInfo": {
      "atoms": {
        "C": 13,
        "H": 21,
        "O": 1,
      },
      "charge": 0,
      "mass": 193.30572741704782,
      "mf": "C13H21O",
      "monoisotopicMass": 193.15924029640001,
      "unsaturation": 3.5,
    },
  },
  {
    "atomMap": [
      3,
    ],
    "fragmentType": "acyclic",
    "hose": "dax@@DjUZjh@xPJBJCuADXfYaY~bHCaUPxUP dkl@@DjUVuXZjjjk@hh\`R@xPJBJCvaDXfYaYTMgXLSb}~bHCaUPxUP dmt@@DjUVvFjjjdBbb@xPJBJCpaDXfYaYTMgY~bHCaUPxUP eF@Hp\\IPUA~b\`xUTxUP gJP@DjZhCaB\`eAyBIgzI@xUT\\Jh",
    "hoseCodes": [
      "eF@Hp\\IPUA~b\`xUTxUP",
      "gJP@DjZhCaB\`eAyBIgzI@xUT\\Jh",
      "dax@@DjUZjh@xPJBJCuADXfYaY~bHCaUPxUP",
      "dmt@@DjUVvFjjjdBbb@xPJBJCpaDXfYaYTMgY~bHCaUPxUP",
      "dkl@@DjUVuXZjjjk@hh\`R@xPJBJCvaDXfYaYTMgXLSb}~bHCaUPxUP",
    ],
    "idCode": "gJPH@liJuP@",
    "mf": "C4H9",
    "mfInfo": {
      "atoms": {
        "C": 4,
        "H": 9,
      },
      "charge": 0,
      "mass": 57.114410373442986,
      "mf": "C4H9",
      "monoisotopicMass": 57.07042529007,
      "unsaturation": 0.5,
    },
  },
  {
    "atomMap": [
      4,
    ],
    "fragmentType": "acyclic",
    "hose": "dax@@DjUZjh@xPJBJCuADXfYaY~bHCaUPxUP dkl@@DjUVuXZjjjk@hh\`R@xPJBJCvaDXfYaYTMgXLSb}~bHCaUPxUP dmt@@DjUVvFjjjdBbb@xPJBJCpaDXfYaYTMgY~bHCaUPxUP eF@Hp\\IPUA~b\`xUTxUP gJP@DjZhCaB\`eAyBIgzI@xUT\\Jh",
    "hoseCodes": [
      "eF@Hp\\IPUA~b\`xUTxUP",
      "gJP@DjZhCaB\`eAyBIgzI@xUT\\Jh",
      "dax@@DjUZjh@xPJBJCuADXfYaY~bHCaUPxUP",
      "dmt@@DjUVvFjjjdBbb@xPJBJCpaDXfYaYTMgY~bHCaUPxUP",
      "dkl@@DjUVuXZjjjk@hh\`R@xPJBJCvaDXfYaYTMgXLSb}~bHCaUPxUP",
    ],
    "idCode": "dg|H\`CAYRYVugiiVjjjfh@@",
    "mf": "C12H19O",
    "mfInfo": {
      "atoms": {
        "C": 12,
        "H": 19,
        "O": 1,
      },
      "charge": 0,
      "mass": 179.27911001220102,
      "mf": "C12H19O",
      "monoisotopicMass": 179.14359023194,
      "unsaturation": 3.5,
    },
  },
  {
    "atomMap": [
      8,
    ],
    "fragmentType": "acyclic",
    "hose": "dax@@DjVZjj@hCa@hHhOTDQbQfEwzH\`NEUCaU@ dcLH@@rJIJIHusUUUVEQUGDApaTCTGnSBbh[Nb^WOtQB\\JigBj@ dk\\H@@RYVU^ntvjjjjpjJhx\`NDJ\`Z\`|jYfEEPv]@yOKay~bHSaULxUP eF@Hp\\IPUA~b\`xUTxUP gJP@DjZhCaB\`eAyBIgzI@xUT\\Jh",
    "hoseCodes": [
      "eF@Hp\\IPUA~b\`xUTxUP",
      "gJP@DjZhCaB\`eAyBIgzI@xUT\\Jh",
      "dax@@DjVZjj@hCa@hHhOTDQbQfEwzH\`NEUCaU@",
      "dcLH@@rJIJIHusUUUVEQUGDApaTCTGnSBbh[Nb^WOtQB\\JigBj@",
      "dk\\H@@RYVU^ntvjjjjpjJhx\`NDJ\`Z\`|jYfEEPv]@yOKay~bHSaULxUP",
    ],
    "idCode": "f\`qAB@E@V\\bbbTRqRSNRuUUTuUP@@",
    "mf": "C14H23O",
    "mfInfo": {
      "atoms": {
        "C": 14,
        "H": 23,
        "O": 1,
      },
      "charge": 0,
      "mass": 207.33234482189462,
      "mf": "C14H23O",
      "monoisotopicMass": 207.17489036086002,
      "unsaturation": 3.5,
    },
  },
  {
    "atomMap": [
      9,
    ],
    "fragmentType": "acyclic",
    "hose": "dax@@DjVZjj@hCa@hHhOTDQbQfEwzH\`NEUCaU@ dcLH@@rJIJIHusUUUVEQUGDApaTCTGnSBbh[Nb^WOtQB\\JigBj@ dk\\H@@RYVU^ntvjjjjpjJhx\`NDJ\`Z\`|jYfEEPv]@yOKay~bHSaULxUP eF@Hp\\IPUA~b\`xUTxUP gJP@DjZhCaB\`eAyBIgzI@xUT\\Jh",
    "hoseCodes": [
      "eF@Hp\\IPUA~b\`xUTxUP",
      "gJP@DjZhCaB\`eAyBIgzI@xUT\\Jh",
      "dax@@DjVZjj@hCa@hHhOTDQbQfEwzH\`NEUCaU@",
      "dcLH@@rJIJIHusUUUVEQUGDApaTCTGnSBbh[Nb^WOtQB\\JigBj@",
      "dk\\H@@RYVU^ntvjjjjpjJhx\`NDJ\`Z\`|jYfEEPv]@yOKay~bHSaULxUP",
    ],
    "idCode": "eMBAYRZ@",
    "mf": "C2H5",
    "mfInfo": {
      "atoms": {
        "C": 2,
        "H": 5,
      },
      "charge": 0,
      "mass": 29.061175563749384,
      "mf": "C2H5",
      "monoisotopicMass": 29.03912516115,
      "unsaturation": 0.5,
    },
  },
  {
    "atomMap": [
      9,
    ],
    "fragmentType": "acyclic",
    "hose": "dax@@DkfZjjDhCa@hHhOTFQrQdEgzH\`NEUCaU@ dcLH@@rJIJIHusUUUVEQUGDApcTDtGnSBbh[Nb^WOtQF\\JjWBj@ eF@Hp\\IPUA~b\`xUTxUP eM@HzCaJBhOIewzJCaUSaU@ gJP@DkjhCaB\`eA{CIrc}D\`\\JjNET",
    "hoseCodes": [
      "eF@Hp\\IPUA~b\`xUTxUP",
      "eM@HzCaJBhOIewzJCaUSaU@",
      "gJP@DkjhCaB\`eA{CIrc}D\`\\JjNET",
      "dax@@DkfZjjDhCa@hHhOTFQrQdEgzH\`NEUCaU@",
      "dcLH@@rJIJIHusUUUVEQUGDApcTDtGnSBbh[Nb^WOtQF\\JjWBj@",
    ],
    "idCode": "fhiAB@M@V\\bTTRbVJRxIQjjjijj\`@@",
    "mf": "C15H25O",
    "mfInfo": {
      "atoms": {
        "C": 15,
        "H": 25,
        "O": 1,
      },
      "charge": 0,
      "mass": 221.35896222674143,
      "mf": "C15H25O",
      "monoisotopicMass": 221.19054042532002,
      "unsaturation": 3.5,
    },
  },
  {
    "atomMap": [
      10,
    ],
    "fragmentType": "acyclic",
    "hose": "dax@@DkfZjjDhCa@hHhOTFQrQdEgzH\`NEUCaU@ dcLH@@rJIJIHusUUUVEQUGDApcTDtGnSBbh[Nb^WOtQF\\JjWBj@ eF@Hp\\IPUA~b\`xUTxUP eM@HzCaJBhOIewzJCaUSaU@ gJP@DkjhCaB\`eA{CIrc}D\`\\JjNET",
    "hoseCodes": [
      "eF@Hp\\IPUA~b\`xUTxUP",
      "eM@HzCaJBhOIewzJCaUSaU@",
      "gJP@DkjhCaB\`eA{CIrc}D\`\\JjNET",
      "dax@@DkfZjjDhCa@hHhOTFQrQdEgzH\`NEUCaU@",
      "dcLH@@rJIJIHusUUUVEQUGDApcTDtGnSBbh[Nb^WOtQF\\JjWBj@",
    ],
    "idCode": "eFBAYc@@",
    "mf": "CH3",
    "mfInfo": {
      "atoms": {
        "C": 1,
        "H": 3,
      },
      "charge": 0,
      "mass": 15.03455815890258,
      "mf": "CH3",
      "monoisotopicMass": 15.02347509669,
      "unsaturation": 0.5,
    },
  },
  {
    "atomMap": [
      7,
      12,
    ],
    "fragmentType": "cyclic",
    "hose": "daDH@@RYVifjj\`j@xRJAJCvIfXT_hbPxURNET dg|H@@RYVUWimMjjjjhbhhajMHCaBhFhOZfYaQTMGXNSb}lGgzHaNETsaU@ dk\\H@@RYVUVftvjjjjpbJhX\`NDb\`R\`}JYfEEPt]\`yNKwzHdNETcaU@ dk\\H@@RYVUVftvjjjjpjJHZ\`NDJ\`Z\`|jYfEEPt]\`yNKqy~bHSaULxUP dmt@@DjYeVfjjjlBbBDhCa@hHhOLDQBQfEeY~bHCaUPxUP dmtH@@RYVUifjjjpjJHZ\`NDb\`R\`|rYfEEPt]gzHdNETcaU@ eF@Hp\\IPUA~b\`xUTxUP eF@Hp\\IPUA~b\`xUTxUP gGP@DjZj\`NDJBTGdHd_hdCaUQpj\` gJQ@@dru@\\JTBhOQY~bRNETgBj@",
    "hoseCodes": [
      "eF@Hp\\IPUA~b\`xUTxUP",
      "gGP@DjZj\`NDJBTGdHd_hdCaUQpj\`",
      "dmt@@DjYeVfjjjlBbBDhCa@hHhOLDQBQfEeY~bHCaUPxUP",
      "dk\\H@@RYVUVftvjjjjpjJHZ\`NDJ\`Z\`|jYfEEPt]\`yNKqy~bHSaULxUP",
      "dg|H@@RYVUWimMjjjjhbhhajMHCaBhFhOZfYaQTMGXNSb}lGgzHaNETsaU@",
      "eF@Hp\\IPUA~b\`xUTxUP",
      "gJQ@@dru@\\JTBhOQY~bRNETgBj@",
      "daDH@@RYVifjj\`j@xRJAJCvIfXT_hbPxURNET",
      "dmtH@@RYVUifjjjpjJHZ\`NDb\`R\`|rYfEEPt]gzHdNETcaU@",
      "dk\\H@@RYVUVftvjjjjpbJhX\`NDb\`R\`}JYfEEPt]\`yNKwzHdNETcaU@",
    ],
    "idCode": "do|HPDAYyYR[Yg]YVZjjjh@@",
    "mf": "C12H20O",
    "mfInfo": {
      "atoms": {
        "C": 12,
        "H": 20,
        "O": 1,
      },
      "charge": 0,
      "mass": 180.28705076625678,
      "mf": "C12H20O",
      "monoisotopicMass": 180.15141526417,
      "unsaturation": 3,
    },
  },
  {
    "atomMap": [
      8,
      11,
    ],
    "fragmentType": "cyclic",
    "hose": "daDH@@RYVifjj\`j@xRJAJCvIfXT_hbPxURNET dg|H@@RYVUWimMjjjjhbhhajMHCaBhFhOZfYaQTMGXNSb}lGgzHaNETsaU@ dk\\H@@RYVUVftvjjjjpbJhX\`NDb\`R\`}JYfEEPt]\`yNKwzHdNETcaU@ dk\\H@@RYVUVftvjjjjpjJHZ\`NDJ\`Z\`|jYfEEPt]\`yNKqy~bHSaULxUP dmt@@DjYeVfjjjlBbBDhCa@hHhOLDQBQfEeY~bHCaUPxUP dmtH@@RYVUifjjjpjJHZ\`NDb\`R\`|rYfEEPt]gzHdNETcaU@ eF@Hp\\IPUA~b\`xUTxUP eF@Hp\\IPUA~b\`xUTxUP gGP@DjZj\`NDJBTGdHd_hdCaUQpj\` gJQ@@dru@\\JTBhOQY~bRNETgBj@",
    "hoseCodes": [
      "eF@Hp\\IPUA~b\`xUTxUP",
      "gGP@DjZj\`NDJBTGdHd_hdCaUQpj\`",
      "dmt@@DjYeVfjjjlBbBDhCa@hHhOLDQBQfEeY~bHCaUPxUP",
      "dk\\H@@RYVUVftvjjjjpjJHZ\`NDJ\`Z\`|jYfEEPt]\`yNKqy~bHSaULxUP",
      "dg|H@@RYVUWimMjjjjhbhhajMHCaBhFhOZfYaQTMGXNSb}lGgzHaNETsaU@",
      "eF@Hp\\IPUA~b\`xUTxUP",
      "gJQ@@dru@\\JTBhOQY~bRNETgBj@",
      "daDH@@RYVifjj\`j@xRJAJCvIfXT_hbPxURNET",
      "dmtH@@RYVUifjjjpjJHZ\`NDb\`R\`|rYfEEPt]gzHdNETcaU@",
      "dk\\H@@RYVUVftvjjjjpbJhX\`NDb\`R\`}JYfEEPt]\`yNKwzHdNETcaU@",
    ],
    "idCode": "gGPD@leYRYZj@@",
    "mf": "C4H8",
    "mfInfo": {
      "atoms": {
        "C": 4,
        "H": 8,
      },
      "charge": 0,
      "mass": 56.10646961938721,
      "mf": "C4H8",
      "monoisotopicMass": 56.06260025784,
      "unsaturation": 1,
    },
  },
  {
    "atomMap": [
      7,
      14,
    ],
    "fragmentType": "cyclic",
    "hose": "daDH@@RYVifjj\`j@xRJAJCvIfXT_hbPxURNET dg|H@@RYVUUieMjjjjhbhhajEhCaHhDhORfYaQTMGXNSbq~bICaUHxUP dg|H@@RYVUWimMjjjjhbhhajMHCaBhFhOZfYaQTMGXNSb}lGgzHaNETsaU@ dk\\H@@RYVUVftvjjjjpjJHZ\`NDJ\`Z\`|jYfEEPt]\`yNKqy~bHSaULxUP dmt@@DjYeVfjjjlBbBDhCa@hHhOLDQBQfEeY~bHCaUPxUP dmtH@@RYVUifjjjpjJHZ\`NDb\`R\`|rYfEEPt]gzHdNETcaU@ eF@Hp\\IPUA~b\`xUTxUP eF@Hp\\IPUA~b\`xUTxUP gGP@DjZj\`NDJBTGdHd_hdCaUQpj\` gJQ@@dru@\\JTBhOQY~bRNETgBj@",
    "hoseCodes": [
      "eF@Hp\\IPUA~b\`xUTxUP",
      "gGP@DjZj\`NDJBTGdHd_hdCaUQpj\`",
      "dmt@@DjYeVfjjjlBbBDhCa@hHhOLDQBQfEeY~bHCaUPxUP",
      "dk\\H@@RYVUVftvjjjjpjJHZ\`NDJ\`Z\`|jYfEEPt]\`yNKqy~bHSaULxUP",
      "dg|H@@RYVUWimMjjjjhbhhajMHCaBhFhOZfYaQTMGXNSb}lGgzHaNETsaU@",
      "eF@Hp\\IPUA~b\`xUTxUP",
      "gJQ@@dru@\\JTBhOQY~bRNETgBj@",
      "daDH@@RYVifjj\`j@xRJAJCvIfXT_hbPxURNET",
      "dmtH@@RYVUifjjjpjJHZ\`NDb\`R\`|rYfEEPt]gzHdNETcaU@",
      "dg|H@@RYVUUieMjjjjhbhhajEhCaHhDhORfYaQTMGXNSbq~bICaUHxUP",
    ],
    "idCode": "dkl@P@VQVTfYWu[jjjjh@@",
    "mf": "C11H20",
    "mfInfo": {
      "atoms": {
        "C": 11,
        "H": 20,
      },
      "charge": 0,
      "mass": 152.27690994520327,
      "mf": "C11H20",
      "monoisotopicMass": 152.1565006446,
      "unsaturation": 2,
    },
  },
  {
    "atomMap": [
      8,
      12,
    ],
    "fragmentType": "cyclic",
    "hose": "daDH@@RYVifjj\`j@xRJAJCvIfXT_hbPxURNET dg|H@@RYVUUieMjjjjhbhhajEhCaHhDhORfYaQTMGXNSbq~bICaUHxUP dg|H@@RYVUWimMjjjjhbhhajMHCaBhFhOZfYaQTMGXNSb}lGgzHaNETsaU@ dk\\H@@RYVUVftvjjjjpjJHZ\`NDJ\`Z\`|jYfEEPt]\`yNKqy~bHSaULxUP dmt@@DjYeVfjjjlBbBDhCa@hHhOLDQBQfEeY~bHCaUPxUP dmtH@@RYVUifjjjpjJHZ\`NDb\`R\`|rYfEEPt]gzHdNETcaU@ eF@Hp\\IPUA~b\`xUTxUP eF@Hp\\IPUA~b\`xUTxUP gGP@DjZj\`NDJBTGdHd_hdCaUQpj\` gJQ@@dru@\\JTBhOQY~bRNETgBj@",
    "hoseCodes": [
      "eF@Hp\\IPUA~b\`xUTxUP",
      "gGP@DjZj\`NDJBTGdHd_hdCaUQpj\`",
      "dmt@@DjYeVfjjjlBbBDhCa@hHhOLDQBQfEeY~bHCaUPxUP",
      "dk\\H@@RYVUVftvjjjjpjJHZ\`NDJ\`Z\`|jYfEEPt]\`yNKqy~bHSaULxUP",
      "dg|H@@RYVUWimMjjjjhbhhajMHCaBhFhOZfYaQTMGXNSb}lGgzHaNETsaU@",
      "eF@Hp\\IPUA~b\`xUTxUP",
      "gJQ@@dru@\\JTBhOQY~bRNETgBj@",
      "daDH@@RYVifjj\`j@xRJAJCvIfXT_hbPxURNET",
      "dmtH@@RYVUifjjjpjJHZ\`NDb\`R\`|rYfEEPt]gzHdNETcaU@",
      "dg|H@@RYVUUieMjjjjhbhhajEhCaHhDhORfYaQTMGXNSbq~bICaUHxUP",
    ],
    "idCode": "daxHPDAYiYR[[fj\`@",
    "mf": "C5H8O",
    "mfInfo": {
      "atoms": {
        "C": 5,
        "H": 8,
        "O": 1,
      },
      "charge": 0,
      "mass": 84.11661044044072,
      "mf": "C5H8O",
      "monoisotopicMass": 84.05751487741,
      "unsaturation": 2,
    },
  },
  {
    "atomMap": [
      7,
      15,
    ],
    "fragmentType": "cyclic",
    "hose": "deTH@@RYVvfZjjdJaj@xQJ@jCqIaPt]gzHbNETSaU@ dg|H@@RYVUWimMjjjjhbhhajMHCaBhFhOZfYaQTMGXNSb}lGgzHaNETsaU@ dk\\H@@RYVUVftvjjjjpjJHZ\`NDJ\`Z\`|jYfEEPt]\`yNKqy~bHSaULxUP dk\\H@@RYVUvfWVjjjjHjJHZaZ@xQJ@jCpifXTUCQvSbq~bHcaUDxUP dmt@@DjYeVfjjjlBbBDhCa@hHhOLDQBQfEeY~bHCaUPxUP eF@Hp\\IPUA~b\`xUTxUP eF@Hp\\IPUA~b\`xUTxUP foAA@@@YEDeDddcQbcMUUUUQBTTHYPj\`GBDTAJCvdYcBQRFQsAYKEP[KY~bDPxUQGBj@ gGP@DjZj\`NDJBTGdHd_hdCaUQpj\` gJP@DjZhCaB\`eAyBIgzI@xUT\\Jh",
    "hoseCodes": [
      "eF@Hp\\IPUA~b\`xUTxUP",
      "gGP@DjZj\`NDJBTGdHd_hdCaUQpj\`",
      "dmt@@DjYeVfjjjlBbBDhCa@hHhOLDQBQfEeY~bHCaUPxUP",
      "dk\\H@@RYVUVftvjjjjpjJHZ\`NDJ\`Z\`|jYfEEPt]\`yNKqy~bHSaULxUP",
      "dg|H@@RYVUWimMjjjjhbhhajMHCaBhFhOZfYaQTMGXNSb}lGgzHaNETsaU@",
      "eF@Hp\\IPUA~b\`xUTxUP",
      "gJP@DjZhCaB\`eAyBIgzI@xUT\\Jh",
      "deTH@@RYVvfZjjdJaj@xQJ@jCqIaPt]gzHbNETSaU@",
      "dk\\H@@RYVUvfWVjjjjHjJHZaZ@xQJ@jCpifXTUCQvSbq~bHcaUDxUP",
      "foAA@@@YEDeDddcQbcMUUUUQBTTHYPj\`GBDTAJCvdYcBQRFQsAYKEP[KY~bDPxUQGBj@",
    ],
    "idCode": "dcL@P@VRVTfYwUnjjjj@@",
    "mf": "C10H18",
    "mfInfo": {
      "atoms": {
        "C": 10,
        "H": 18,
      },
      "charge": 0,
      "mass": 138.25029254035647,
      "mf": "C10H18",
      "monoisotopicMass": 138.14085058014,
      "unsaturation": 2,
    },
  },
  {
    "atomMap": [
      8,
      14,
    ],
    "fragmentType": "cyclic",
    "hose": "deTH@@RYVvfZjjdJaj@xQJ@jCqIaPt]gzHbNETSaU@ dg|H@@RYVUWimMjjjjhbhhajMHCaBhFhOZfYaQTMGXNSb}lGgzHaNETsaU@ dk\\H@@RYVUVftvjjjjpjJHZ\`NDJ\`Z\`|jYfEEPt]\`yNKqy~bHSaULxUP dk\\H@@RYVUvfWVjjjjHjJHZaZ@xQJ@jCpifXTUCQvSbq~bHcaUDxUP dmt@@DjYeVfjjjlBbBDhCa@hHhOLDQBQfEeY~bHCaUPxUP eF@Hp\\IPUA~b\`xUTxUP eF@Hp\\IPUA~b\`xUTxUP foAA@@@YEDeDddcQbcMUUUUQBTTHYPj\`GBDTAJCvdYcBQRFQsAYKEP[KY~bDPxUQGBj@ gGP@DjZj\`NDJBTGdHd_hdCaUQpj\` gJP@DjZhCaB\`eAyBIgzI@xUT\\Jh",
    "hoseCodes": [
      "eF@Hp\\IPUA~b\`xUTxUP",
      "gGP@DjZj\`NDJBTGdHd_hdCaUQpj\`",
      "dmt@@DjYeVfjjjlBbBDhCa@hHhOLDQBQfEeY~bHCaUPxUP",
      "dk\\H@@RYVUVftvjjjjpjJHZ\`NDJ\`Z\`|jYfEEPt]\`yNKqy~bHSaULxUP",
      "dg|H@@RYVUWimMjjjjhbhhajMHCaBhFhOZfYaQTMGXNSb}lGgzHaNETsaU@",
      "eF@Hp\\IPUA~b\`xUTxUP",
      "gJP@DjZhCaB\`eAyBIgzI@xUT\\Jh",
      "deTH@@RYVvfZjjdJaj@xQJ@jCqIaPt]gzHbNETSaU@",
      "dk\\H@@RYVUvfWVjjjjHjJHZaZ@xQJ@jCpifXTUCQvSbq~bHcaUDxUP",
      "foAA@@@YEDeDddcQbcMUUUUQBTTHYPj\`GBDTAJCvdYcBQRFQsAYKEP[KY~bDPxUQGBj@",
    ],
    "idCode": "diDHPFAYEYrJIJFjf\`@",
    "mf": "C6H10O",
    "mfInfo": {
      "atoms": {
        "C": 6,
        "H": 10,
        "O": 1,
      },
      "charge": 0,
      "mass": 98.14322784528753,
      "mf": "C6H10O",
      "monoisotopicMass": 98.07316494186999,
      "unsaturation": 2,
    },
  },
  {
    "atomMap": [
      8,
      14,
    ],
    "fragmentType": "cyclic",
    "hose": "daDH@@RYVifjj\`j@xRJAJCvIfXT_hbPxURNET dcLH@@RYVUzYjjjkBhhaj@xQJ@jCpifXTUCQvSb}~bHcaUDxUP deTH@@RYVvfZjjdJaj@xQJ@jCqIaPt]gzHbNETSaU@ dg|H@@RYVUUieMjjjjhbhhajEhCaHhDhORfYaQTMGXNSbq~bICaUHxUP dk\\H@@RYVUVftvjjjjpjJHZ\`NDR\`J\`|jYfEEPt]\`yNKqy~bHcaUDxUP dmtH@@RYVUifjjjpjJHZ\`NDb\`R\`|rYfEEPt]gzHdNETcaU@ eF@Hp\\IPUA~b\`xUTxUP eF@Hp\\IPUA~b\`xUTxUP gJP@DjZhCaB\`eAyBIgzI@xUT\\Jh gJQ@@dru@\\JTBhOQY~bRNETgBj@",
    "hoseCodes": [
      "eF@Hp\\IPUA~b\`xUTxUP",
      "gJP@DjZhCaB\`eAyBIgzI@xUT\\Jh",
      "deTH@@RYVvfZjjdJaj@xQJ@jCqIaPt]gzHbNETSaU@",
      "dcLH@@RYVUzYjjjkBhhaj@xQJ@jCpifXTUCQvSb}~bHcaUDxUP",
      "dk\\H@@RYVUVftvjjjjpjJHZ\`NDR\`J\`|jYfEEPt]\`yNKqy~bHcaUDxUP",
      "eF@Hp\\IPUA~b\`xUTxUP",
      "gJQ@@dru@\\JTBhOQY~bRNETgBj@",
      "daDH@@RYVifjj\`j@xRJAJCvIfXT_hbPxURNET",
      "dmtH@@RYVUifjjjpjJHZ\`NDb\`R\`|rYfEEPt]gzHdNETcaU@",
      "dg|H@@RYVUUieMjjjjhbhhajEhCaHhDhORfYaQTMGXNSbq~bICaUHxUP",
    ],
    "idCode": "f\`a@A@@KNeeIfV]}YJjjjjj\`@@",
    "mf": "C14H26",
    "mfInfo": {
      "atoms": {
        "C": 14,
        "H": 26,
      },
      "charge": 0,
      "mass": 194.3567621597437,
      "mf": "C14H26",
      "monoisotopicMass": 194.20345083798,
      "unsaturation": 2,
    },
  },
  {
    "atomMap": [
      11,
      12,
    ],
    "fragmentType": "cyclic",
    "hose": "daDH@@RYVifjj\`j@xRJAJCvIfXT_hbPxURNET dcLH@@RYVUzYjjjkBhhaj@xQJ@jCpifXTUCQvSb}~bHcaUDxUP deTH@@RYVvfZjjdJaj@xQJ@jCqIaPt]gzHbNETSaU@ dg|H@@RYVUUieMjjjjhbhhajEhCaHhDhORfYaQTMGXNSbq~bICaUHxUP dk\\H@@RYVUVftvjjjjpjJHZ\`NDR\`J\`|jYfEEPt]\`yNKqy~bHcaUDxUP dmtH@@RYVUifjjjpjJHZ\`NDb\`R\`|rYfEEPt]gzHdNETcaU@ eF@Hp\\IPUA~b\`xUTxUP eF@Hp\\IPUA~b\`xUTxUP gJP@DjZhCaB\`eAyBIgzI@xUT\\Jh gJQ@@dru@\\JTBhOQY~bRNETgBj@",
    "hoseCodes": [
      "eF@Hp\\IPUA~b\`xUTxUP",
      "gJP@DjZhCaB\`eAyBIgzI@xUT\\Jh",
      "deTH@@RYVvfZjjdJaj@xQJ@jCqIaPt]gzHbNETSaU@",
      "dcLH@@RYVUzYjjjkBhhaj@xQJ@jCpifXTUCQvSb}~bHcaUDxUP",
      "dk\\H@@RYVUVftvjjjjpjJHZ\`NDR\`J\`|jYfEEPt]\`yNKqy~bHcaUDxUP",
      "eF@Hp\\IPUA~b\`xUTxUP",
      "gJQ@@dru@\\JTBhOQY~bRNETgBj@",
      "daDH@@RYVifjj\`j@xRJAJCvIfXT_hbPxURNET",
      "dmtH@@RYVUifjjjpjJHZ\`NDb\`R\`|rYfEEPt]gzHdNETcaU@",
      "dg|H@@RYVUUieMjjjjhbhhajEhCaHhDhORfYaQTMGXNSbq~bICaUHxUP",
    ],
    "idCode": "gJQDDEdkJS\\t@@",
    "mf": "C2H2O",
    "mfInfo": {
      "atoms": {
        "C": 2,
        "H": 2,
        "O": 1,
      },
      "charge": 0,
      "mass": 42.03675822590033,
      "mf": "C2H2O",
      "monoisotopicMass": 42.01056468403,
      "unsaturation": 2,
    },
  },
  {
    "atomMap": [
      8,
      15,
    ],
    "fragmentType": "cyclic",
    "hose": "dcLH@@RYVUzYjjjkBhhaj@xQJ@jCpifXTUCQvSb}~bHcaUDxUP deTH@@RYVvfZjjdJaj@xQJ@jCqIaPt]gzHbNETSaU@ deTH@@RYVvfZjjdJaj@xQJ@jCqIaPt]gzHbNETSaU@ dk\\H@@RYVUVftvjjjjpjJHZ\`NDR\`J\`|jYfEEPt]\`yNKqy~bHcaUDxUP dk\\H@@RYVUvfWVjjjjHjJHZaZ@xQJ@jCpifXTUCQvSbq~bHcaUDxUP eF@Hp\\IPUA~b\`xUTxUP eF@Hp\\IPUA~b\`xUTxUP foAA@@@YEDeDddcQbcMUUUUQBTTHYPj\`GBDTAJCvdYcBQRFQsAYKEP[KY~bDPxUQGBj@ gJP@DjZhCaB\`eAyBIgzI@xUT\\Jh gJP@DjZhCaB\`eAyBIgzI@xUT\\Jh",
    "hoseCodes": [
      "eF@Hp\\IPUA~b\`xUTxUP",
      "gJP@DjZhCaB\`eAyBIgzI@xUT\\Jh",
      "deTH@@RYVvfZjjdJaj@xQJ@jCqIaPt]gzHbNETSaU@",
      "dcLH@@RYVUzYjjjkBhhaj@xQJ@jCpifXTUCQvSb}~bHcaUDxUP",
      "dk\\H@@RYVUVftvjjjjpjJHZ\`NDR\`J\`|jYfEEPt]\`yNKqy~bHcaUDxUP",
      "eF@Hp\\IPUA~b\`xUTxUP",
      "gJP@DjZhCaB\`eAyBIgzI@xUT\\Jh",
      "deTH@@RYVvfZjjdJaj@xQJ@jCqIaPt]gzHbNETSaU@",
      "dk\\H@@RYVUvfWVjjjjHjJHZaZ@xQJ@jCpifXTUCQvSbq~bHcaUDxUP",
      "foAA@@@YEDeDddcQbcMUUUUQBTTHYPj\`GBDTAJCvdYcBQRFQsAYKEP[KY~bDPxUQGBj@",
    ],
    "idCode": "do|@P@V^VTfYY_uijjjjj@@",
    "mf": "C13H24",
    "mfInfo": {
      "atoms": {
        "C": 13,
        "H": 24,
      },
      "charge": 0,
      "mass": 180.33014475489688,
      "mf": "C13H24",
      "monoisotopicMass": 180.18780077352,
      "unsaturation": 2,
    },
  },
  {
    "atomMap": [
      11,
      14,
    ],
    "fragmentType": "cyclic",
    "hose": "dcLH@@RYVUzYjjjkBhhaj@xQJ@jCpifXTUCQvSb}~bHcaUDxUP deTH@@RYVvfZjjdJaj@xQJ@jCqIaPt]gzHbNETSaU@ deTH@@RYVvfZjjdJaj@xQJ@jCqIaPt]gzHbNETSaU@ dk\\H@@RYVUVftvjjjjpjJHZ\`NDR\`J\`|jYfEEPt]\`yNKqy~bHcaUDxUP dk\\H@@RYVUvfWVjjjjHjJHZaZ@xQJ@jCpifXTUCQvSbq~bHcaUDxUP eF@Hp\\IPUA~b\`xUTxUP eF@Hp\\IPUA~b\`xUTxUP foAA@@@YEDeDddcQbcMUUUUQBTTHYPj\`GBDTAJCvdYcBQRFQsAYKEP[KY~bDPxUQGBj@ gJP@DjZhCaB\`eAyBIgzI@xUT\\Jh gJP@DjZhCaB\`eAyBIgzI@xUT\\Jh",
    "hoseCodes": [
      "eF@Hp\\IPUA~b\`xUTxUP",
      "gJP@DjZhCaB\`eAyBIgzI@xUT\\Jh",
      "deTH@@RYVvfZjjdJaj@xQJ@jCqIaPt]gzHbNETSaU@",
      "dcLH@@RYVUzYjjjkBhhaj@xQJ@jCpifXTUCQvSb}~bHcaUDxUP",
      "dk\\H@@RYVUVftvjjjjpjJHZ\`NDR\`J\`|jYfEEPt]\`yNKqy~bHcaUDxUP",
      "eF@Hp\\IPUA~b\`xUTxUP",
      "gJP@DjZhCaB\`eAyBIgzI@xUT\\Jh",
      "deTH@@RYVvfZjjdJaj@xQJ@jCqIaPt]gzHbNETSaU@",
      "dk\\H@@RYVUvfWVjjjjHjJHZaZ@xQJ@jCpifXTUCQvSbq~bHcaUDxUP",
      "foAA@@@YEDeDddcQbcMUUUUQBTTHYPj\`GBDTAJCvdYcBQRFQsAYKEP[KY~bDPxUQGBj@",
    ],
    "idCode": "gGQDLEfkJRwSP@",
    "mf": "C3H4O",
    "mfInfo": {
      "atoms": {
        "C": 3,
        "H": 4,
        "O": 1,
      },
      "charge": 0,
      "mass": 56.06337563074713,
      "mf": "C3H4O",
      "monoisotopicMass": 56.026214748490005,
      "unsaturation": 2,
    },
  },
  {
    "atomMap": [
      11,
      15,
    ],
    "fragmentType": "cyclic",
    "hose": "daDH@@RYVifjj\`j@xRJAJCvIfXT_hbPxURNET deTH@@RYVvfZjjdJaj@xQJ@jCqIaPt]gzHbNETSaU@ dk\\H@@RYVUVftvjjjjpbJhX\`NDb\`R\`}JYfEEPt]\`yNKwzHdNETcaU@ dk\\H@@RYVUvfWVjjjjHjJHZaZ@xQJ@jCpifXTUCQvSbq~bHcaUDxUP dmtH@@RYVUifjjjpjJHZ\`NDb\`R\`|rYfEEPt]gzHdNETcaU@ eF@Hp\\IPUA~b\`xUTxUP eF@Hp\\IPUA~b\`xUTxUP foAA@@@YEDeDddcQbcMUUUUQBTTHYPj\`GBDTAJCvdYcBQRFQsAYKEP[KY~bDPxUQGBj@ gJP@DjZhCaB\`eAyBIgzI@xUT\\Jh gJQ@@dru@\\JTBhOQY~bRNETgBj@",
    "hoseCodes": [
      "eF@Hp\\IPUA~b\`xUTxUP",
      "gJQ@@dru@\\JTBhOQY~bRNETgBj@",
      "daDH@@RYVifjj\`j@xRJAJCvIfXT_hbPxURNET",
      "dmtH@@RYVUifjjjpjJHZ\`NDb\`R\`|rYfEEPt]gzHdNETcaU@",
      "dk\\H@@RYVUVftvjjjjpbJhX\`NDb\`R\`}JYfEEPt]\`yNKwzHdNETcaU@",
      "eF@Hp\\IPUA~b\`xUTxUP",
      "gJP@DjZhCaB\`eAyBIgzI@xUT\\Jh",
      "deTH@@RYVvfZjjdJaj@xQJ@jCqIaPt]gzHbNETSaU@",
      "dk\\H@@RYVUvfWVjjjjHjJHZaZ@xQJ@jCpifXTUCQvSbq~bHcaUDxUP",
      "foAA@@@YEDeDddcQbcMUUUUQBTTHYPj\`GBDTAJCvdYcBQRFQsAYKEP[KY~bDPxUQGBj@",
    ],
    "idCode": "f\`a@A@@KNegHhheDdlTrUUUUUT@@",
    "mf": "C14H26",
    "mfInfo": {
      "atoms": {
        "C": 14,
        "H": 26,
      },
      "charge": 0,
      "mass": 194.3567621597437,
      "mf": "C14H26",
      "monoisotopicMass": 194.20345083798,
      "unsaturation": 2,
    },
  },
  {
    "atomMap": [
      12,
      14,
    ],
    "fragmentType": "cyclic",
    "hose": "daDH@@RYVifjj\`j@xRJAJCvIfXT_hbPxURNET deTH@@RYVvfZjjdJaj@xQJ@jCqIaPt]gzHbNETSaU@ dk\\H@@RYVUVftvjjjjpbJhX\`NDb\`R\`}JYfEEPt]\`yNKwzHdNETcaU@ dk\\H@@RYVUvfWVjjjjHjJHZaZ@xQJ@jCpifXTUCQvSbq~bHcaUDxUP dmtH@@RYVUifjjjpjJHZ\`NDb\`R\`|rYfEEPt]gzHdNETcaU@ eF@Hp\\IPUA~b\`xUTxUP eF@Hp\\IPUA~b\`xUTxUP foAA@@@YEDeDddcQbcMUUUUQBTTHYPj\`GBDTAJCvdYcBQRFQsAYKEP[KY~bDPxUQGBj@ gJP@DjZhCaB\`eAyBIgzI@xUT\\Jh gJQ@@dru@\\JTBhOQY~bRNETgBj@",
    "hoseCodes": [
      "eF@Hp\\IPUA~b\`xUTxUP",
      "gJQ@@dru@\\JTBhOQY~bRNETgBj@",
      "daDH@@RYVifjj\`j@xRJAJCvIfXT_hbPxURNET",
      "dmtH@@RYVUifjjjpjJHZ\`NDb\`R\`|rYfEEPt]gzHdNETcaU@",
      "dk\\H@@RYVUVftvjjjjpbJhX\`NDb\`R\`}JYfEEPt]\`yNKwzHdNETcaU@",
      "eF@Hp\\IPUA~b\`xUTxUP",
      "gJP@DjZhCaB\`eAyBIgzI@xUT\\Jh",
      "deTH@@RYVvfZjjdJaj@xQJ@jCqIaPt]gzHbNETSaU@",
      "dk\\H@@RYVUvfWVjjjjHjJHZaZ@xQJ@jCpifXTUCQvSbq~bHcaUDxUP",
      "foAA@@@YEDeDddcQbcMUUUUQBTTHYPj\`GBDTAJCvdYcBQRFQsAYKEP[KY~bDPxUQGBj@",
    ],
    "idCode": "gJQDDEdkJS\\t@@",
    "mf": "C2H2O",
    "mfInfo": {
      "atoms": {
        "C": 2,
        "H": 2,
        "O": 1,
      },
      "charge": 0,
      "mass": 42.03675822590033,
      "mf": "C2H2O",
      "monoisotopicMass": 42.01056468403,
      "unsaturation": 2,
    },
  },
  {
    "atomMap": [
      4,
      7,
    ],
    "fragmentType": "cyclic",
    "hose": "daD@@DjUZzjjhB\`NDB\`b\`}PQFIfXV_hb@xUTNET deT@@DjVYjZjji@hR\`NDB\`b\`}PQFIFPV_hb@xUTNET dk\\@@DjVY}j^VjjjjbBaJLhd\`NDB\`b\`|hQFIFPVUcYvCdq~bHCaUPxUP dmt@@DjUUZzjjjlBbjNHCa@hHhOBDQbYfEePv]GzH\`NEUCaU@ eF@Hp\\IPUA~b\`xUTxUP eF@Hp\\IPUA~b\`xUTxUP foA@@@DjUUUZgMVjjjjjb@hiQpaQ@ND@hHTGm@bFHsFDrdLsdBrVJc}DHApjhNET foAA@@@YEDeDddcQbcMUUUUQBTTHYPj\`GBFTDjCqdYcBQRFQsAYKEQkcY[OtPcGBjdxUP gJP@DjZhCaB\`eAyBIgzI@xUT\\Jh gJP@DjZhCaB\`eAyBIgzI@xUT\\Jh",
    "hoseCodes": [
      "eF@Hp\\IPUA~b\`xUTxUP",
      "gJP@DjZhCaB\`eAyBIgzI@xUT\\Jh",
      "daD@@DjUZzjjhB\`NDB\`b\`}PQFIfXV_hb@xUTNET",
      "dmt@@DjUUZzjjjlBbjNHCa@hHhOBDQbYfEePv]GzH\`NEUCaU@",
      "foA@@@DjUUUZgMVjjjjjb@hiQpaQ@ND@hHTGm@bFHsFDrdLsdBrVJc}DHApjhNET",
      "eF@Hp\\IPUA~b\`xUTxUP",
      "gJP@DjZhCaB\`eAyBIgzI@xUT\\Jh",
      "deT@@DjVYjZjji@hR\`NDB\`b\`}PQFIFPV_hb@xUTNET",
      "dk\\@@DjVY}j^VjjjjbBaJLhd\`NDB\`b\`|hQFIFPVUcYvCdq~bHCaUPxUP",
      "foAA@@@YEDeDddcQbcMUUUUQBTTHYPj\`GBFTDjCqdYcBQRFQsAYKEQkcY[OtPcGBjdxUP",
    ],
    "idCode": "fhqAA@M@VSKNQQQQKIRiLEUUUMUP@@",
    "mf": "C14H24O",
    "mfInfo": {
      "atoms": {
        "C": 14,
        "H": 24,
        "O": 1,
      },
      "charge": 0,
      "mass": 208.34028557595042,
      "mf": "C14H24O",
      "monoisotopicMass": 208.18271539309,
      "unsaturation": 3,
    },
  },
  {
    "atomMap": [
      5,
      6,
    ],
    "fragmentType": "cyclic",
    "hose": "daD@@DjUZzjjhB\`NDB\`b\`}PQFIfXV_hb@xUTNET deT@@DjVYjZjji@hR\`NDB\`b\`}PQFIFPV_hb@xUTNET dk\\@@DjVY}j^VjjjjbBaJLhd\`NDB\`b\`|hQFIFPVUcYvCdq~bHCaUPxUP dmt@@DjUUZzjjjlBbjNHCa@hHhOBDQbYfEePv]GzH\`NEUCaU@ eF@Hp\\IPUA~b\`xUTxUP eF@Hp\\IPUA~b\`xUTxUP foA@@@DjUUUZgMVjjjjjb@hiQpaQ@ND@hHTGm@bFHsFDrdLsdBrVJc}DHApjhNET foAA@@@YEDeDddcQbcMUUUUQBTTHYPj\`GBFTDjCqdYcBQRFQsAYKEQkcY[OtPcGBjdxUP gJP@DjZhCaB\`eAyBIgzI@xUT\\Jh gJP@DjZhCaB\`eAyBIgzI@xUT\\Jh",
    "hoseCodes": [
      "eF@Hp\\IPUA~b\`xUTxUP",
      "gJP@DjZhCaB\`eAyBIgzI@xUT\\Jh",
      "daD@@DjUZzjjhB\`NDB\`b\`}PQFIfXV_hb@xUTNET",
      "dmt@@DjUUZzjjjlBbjNHCa@hHhOBDQbYfEePv]GzH\`NEUCaU@",
      "foA@@@DjUUUZgMVjjjjjb@hiQpaQ@ND@hHTGm@bFHsFDrdLsdBrVJc}DHApjhNET",
      "eF@Hp\\IPUA~b\`xUTxUP",
      "gJP@DjZhCaB\`eAyBIgzI@xUT\\Jh",
      "deT@@DjVYjZjji@hR\`NDB\`b\`}PQFIFPV_hb@xUTNET",
      "dk\\@@DjVY}j^VjjjjbBaJLhd\`NDB\`b\`|hQFIFPVUcYvCdq~bHCaUPxUP",
      "foAA@@@YEDeDddcQbcMUUUUQBTTHYPj\`GBFTDjCqdYcBQRFQsAYKEQkcY[OtPcGBjdxUP",
    ],
    "idCode": "gC\`D@lyYRVh@",
    "mf": "C2H4",
    "mfInfo": {
      "atoms": {
        "C": 2,
        "H": 4,
      },
      "charge": 0,
      "mass": 28.053234809693606,
      "mf": "C2H4",
      "monoisotopicMass": 28.03130012892,
      "unsaturation": 1,
    },
  },
  {
    "atomMap": [
      4,
      16,
    ],
    "fragmentType": "cyclic",
    "hose": "daD@@DjUZzjjhB\`NDB\`b\`}PQFIfXV_hb@xUTNET deT@@DjVVhZjjk@hR\`b@xPJBJCuADXdYaQ~bHCaUPxUP dg|H@@rJIJIKPurzuUUUTQTUQqDdApaTCTGiSBbh[NbXWMp|QDIpjf\\Jh dmt@@DjUUZzjjjlBbjNHCa@hHhOBDQbYfEePv]GzH\`NEUCaU@ eF@Hp\\IPUA~b\`xUTxUP eF@Hp\\IPUA~b\`xUTxUP f\`qA@@@YEDeDdeJj\\TYjjjjjbDhiQpbQ@NDDhFTGcHsFDbdLsdBrTJpvVqv_haBNETqpj\` foA@@@DjUUUZgMVjjjjjb@hiQpaQ@ND@hHTGm@bFHsFDrdLsdBrVJc}DHApjhNET gJP@DjZhCaB\`eAyBIgzI@xUT\\Jh gJP@DjZhCaB\`eAyBIgzI@xUT\\Jh",
    "hoseCodes": [
      "eF@Hp\\IPUA~b\`xUTxUP",
      "gJP@DjZhCaB\`eAyBIgzI@xUT\\Jh",
      "daD@@DjUZzjjhB\`NDB\`b\`}PQFIfXV_hb@xUTNET",
      "dmt@@DjUUZzjjjlBbjNHCa@hHhOBDQbYfEePv]GzH\`NEUCaU@",
      "foA@@@DjUUUZgMVjjjjjb@hiQpaQ@ND@hHTGm@bFHsFDrdLsdBrVJc}DHApjhNET",
      "eF@Hp\\IPUA~b\`xUTxUP",
      "gJP@DjZhCaB\`eAyBIgzI@xUT\\Jh",
      "deT@@DjVVhZjjk@hR\`b@xPJBJCuADXdYaQ~bHCaUPxUP",
      "dg|H@@rJIJIKPurzuUUUTQTUQqDdApaTCTGiSBbh[NbXWMp|QDIpjf\\Jh",
      "f\`qA@@@YEDeDdeJj\\TYjjjjjbDhiQpbQ@NDDhFTGcHsFDbdLsdBrTJpvVqv_haBNETqpj\`",
    ],
    "idCode": "dax@P@VRVTfWZjh@@",
    "mf": "C6H12",
    "mfInfo": {
      "atoms": {
        "C": 6,
        "H": 12,
      },
      "charge": 0,
      "mass": 84.15970442908082,
      "mf": "C6H12",
      "monoisotopicMass": 84.09390038676,
      "unsaturation": 1,
    },
  },
  {
    "atomMap": [
      5,
      15,
    ],
    "fragmentType": "cyclic",
    "hose": "daD@@DjUZzjjhB\`NDB\`b\`}PQFIfXV_hb@xUTNET deT@@DjVVhZjjk@hR\`b@xPJBJCuADXdYaQ~bHCaUPxUP dg|H@@rJIJIKPurzuUUUTQTUQqDdApaTCTGiSBbh[NbXWMp|QDIpjf\\Jh dmt@@DjUUZzjjjlBbjNHCa@hHhOBDQbYfEePv]GzH\`NEUCaU@ eF@Hp\\IPUA~b\`xUTxUP eF@Hp\\IPUA~b\`xUTxUP f\`qA@@@YEDeDdeJj\\TYjjjjjbDhiQpbQ@NDDhFTGcHsFDbdLsdBrTJpvVqv_haBNETqpj\` foA@@@DjUUUZgMVjjjjjb@hiQpaQ@ND@hHTGm@bFHsFDrdLsdBrVJc}DHApjhNET gJP@DjZhCaB\`eAyBIgzI@xUT\\Jh gJP@DjZhCaB\`eAyBIgzI@xUT\\Jh",
    "hoseCodes": [
      "eF@Hp\\IPUA~b\`xUTxUP",
      "gJP@DjZhCaB\`eAyBIgzI@xUT\\Jh",
      "daD@@DjUZzjjhB\`NDB\`b\`}PQFIfXV_hb@xUTNET",
      "dmt@@DjUUZzjjjlBbjNHCa@hHhOBDQbYfEePv]GzH\`NEUCaU@",
      "foA@@@DjUUUZgMVjjjjjb@hiQpaQ@ND@hHTGm@bFHsFDrdLsdBrVJc}DHApjhNET",
      "eF@Hp\\IPUA~b\`xUTxUP",
      "gJP@DjZhCaB\`eAyBIgzI@xUT\\Jh",
      "deT@@DjVVhZjjk@hR\`b@xPJBJCuADXdYaQ~bHCaUPxUP",
      "dg|H@@rJIJIKPurzuUUUTQTUQqDdApaTCTGiSBbh[NbXWMp|QDIpjf\\Jh",
      "f\`qA@@@YEDeDdeJj\\TYjjjjjbDhiQpbQ@NDDhFTGcHsFDbdLsdBrTJpvVqv_haBNETqpj\`",
    ],
    "idCode": "dklHPEAYMYRYeeunjjjZ\`@",
    "mf": "C10H16O",
    "mfInfo": {
      "atoms": {
        "C": 10,
        "H": 16,
        "O": 1,
      },
      "charge": 0,
      "mass": 152.23381595656318,
      "mf": "C10H16O",
      "monoisotopicMass": 152.12011513525002,
      "unsaturation": 3,
    },
  },
  {
    "atomMap": [
      5,
      16,
    ],
    "fragmentType": "cyclic",
    "hose": "daD@@DiYbZjjdQY@xPJBJCqAdXdYGzH\`NEUCaU@ dcL@@DiYelfjjjjqJLHJ\`NDB\`b\`|HYFIFPTUCYv_hb@xUTNET deT@@DjVVhZjjk@hR\`b@xPJBJCuADXdYaQ~bHCaUPxUP dg|H@@rJIJIKPurzuUUUTQTUQqDdApaTCTGiSBbh[NbXWMp|QDIpjf\\Jh eF@Hp\\IPUA~b\`xUTxUP eF@Hp\\IPUA~b\`xUTxUP f\`qA@@@YEDeDdeJj\\TYjjjjjbDhiQpbQ@NDDhFTGcHsFDbdLsdBrTJpvVqv_haBNETqpj\` foA@@@DiYemtcIFjjjjjbHhpPRbe@ND@hHTGc@rFHcDDbdLsfBrVJsV_ha@NEUApj\` gC\`@Dij@xPhIP^PrY~bPNEUGBj@ gJP@DjZhCaB\`eAyBIgzI@xUT\\Jh",
    "hoseCodes": [
      "eF@Hp\\IPUA~b\`xUTxUP",
      "gC\`@Dij@xPhIP^PrY~bPNEUGBj@",
      "daD@@DiYbZjjdQY@xPJBJCqAdXdYGzH\`NEUCaU@",
      "dcL@@DiYelfjjjjqJLHJ\`NDB\`b\`|HYFIFPTUCYv_hb@xUTNET",
      "foA@@@DiYemtcIFjjjjjbHhpPRbe@ND@hHTGc@rFHcDDbdLsfBrVJsV_ha@NEUApj\`",
      "eF@Hp\\IPUA~b\`xUTxUP",
      "gJP@DjZhCaB\`eAyBIgzI@xUT\\Jh",
      "deT@@DjVVhZjjk@hR\`b@xPJBJCuADXdYaQ~bHCaUPxUP",
      "dg|H@@rJIJIKPurzuUUUTQTUQqDdApaTCTGiSBbh[NbXWMp|QDIpjf\\Jh",
      "f\`qA@@@YEDeDdeJj\\TYjjjjjbDhiQpbQ@NDDhFTGcHsFDbdLsdBrTJpvVqv_haBNETqpj\`",
    ],
    "idCode": "diD@P@VZVTeevjj\`@",
    "mf": "C7H14",
    "mfInfo": {
      "atoms": {
        "C": 7,
        "H": 14,
      },
      "charge": 0,
      "mass": 98.18632183392762,
      "mf": "C7H14",
      "monoisotopicMass": 98.10955045122,
      "unsaturation": 1,
    },
  },
  {
    "atomMap": [
      6,
      15,
    ],
    "fragmentType": "cyclic",
    "hose": "daD@@DiYbZjjdQY@xPJBJCqAdXdYGzH\`NEUCaU@ dcL@@DiYelfjjjjqJLHJ\`NDB\`b\`|HYFIFPTUCYv_hb@xUTNET deT@@DjVVhZjjk@hR\`b@xPJBJCuADXdYaQ~bHCaUPxUP dg|H@@rJIJIKPurzuUUUTQTUQqDdApaTCTGiSBbh[NbXWMp|QDIpjf\\Jh eF@Hp\\IPUA~b\`xUTxUP eF@Hp\\IPUA~b\`xUTxUP f\`qA@@@YEDeDdeJj\\TYjjjjjbDhiQpbQ@NDDhFTGcHsFDbdLsdBrTJpvVqv_haBNETqpj\` foA@@@DiYemtcIFjjjjjbHhpPRbe@ND@hHTGc@rFHcDDbdLsfBrVJsV_ha@NEUApj\` gC\`@Dij@xPhIP^PrY~bPNEUGBj@ gJP@DjZhCaB\`eAyBIgzI@xUT\\Jh",
    "hoseCodes": [
      "eF@Hp\\IPUA~b\`xUTxUP",
      "gC\`@Dij@xPhIP^PrY~bPNEUGBj@",
      "daD@@DiYbZjjdQY@xPJBJCqAdXdYGzH\`NEUCaU@",
      "dcL@@DiYelfjjjjqJLHJ\`NDB\`b\`|HYFIFPTUCYv_hb@xUTNET",
      "foA@@@DiYemtcIFjjjjjbHhpPRbe@ND@hHTGc@rFHcDDbdLsfBrVJsV_ha@NEUApj\`",
      "eF@Hp\\IPUA~b\`xUTxUP",
      "gJP@DjZhCaB\`eAyBIgzI@xUT\\Jh",
      "deT@@DjVVhZjjk@hR\`b@xPJBJCuADXdYaQ~bHCaUPxUP",
      "dg|H@@rJIJIKPurzuUUUTQTUQqDdApaTCTGiSBbh[NbXWMp|QDIpjf\\Jh",
      "f\`qA@@@YEDeDdeJj\\TYjjjjjbDhiQpbQ@NDDhFTGcHsFDbdLsdBrTJpvVqv_haBNETqpj\`",
    ],
    "idCode": "dcLHPEAYeYRYeevzjjih@@",
    "mf": "C9H14O",
    "mfInfo": {
      "atoms": {
        "C": 9,
        "H": 14,
        "O": 1,
      },
      "charge": 0,
      "mass": 138.20719855171637,
      "mf": "C9H14O",
      "monoisotopicMass": 138.10446507079,
      "unsaturation": 3,
    },
  },
  {
    "atomMap": [
      4,
      5,
    ],
    "fragmentType": "cyclic",
    "hose": "daD@@DiYbZjjdQY@xPJBJCqAdXdYGzH\`NEUCaU@ dcL@@DiYelfjjjjqJLHJ\`NDB\`b\`|HYFIFPTUCYv_hb@xUTNET dcL@@DjU[VnjjjjpJBHx\`NDB\`b\`}HQFIfXTUcYtCgzH\`NEUCaU@ did@@DjUZnjjjPJBHCa@hHhOTDQbYfEGzH\`NEUCaU@ eF@Hp\\IPUA~b\`xUTxUP eF@Hp\\IPUA~b\`xUTxUP f\`qA@@@YEDeDehTj\\UijjjjjbDHhQrbU@NDLhITGmHpdTaf\\bTJsVFrvNs}DHqpjiNET foA@@@DiYemtcIFjjjjjbHhpPRbe@ND@hHTGc@rFHcDDbdLsfBrVJsV_ha@NEUApj\` gC\`@Dij@xPhIP^PrY~bPNEUGBj@ gJP@DjZhCaB\`eAyBIgzI@xUT\\Jh",
    "hoseCodes": [
      "eF@Hp\\IPUA~b\`xUTxUP",
      "gC\`@Dij@xPhIP^PrY~bPNEUGBj@",
      "daD@@DiYbZjjdQY@xPJBJCqAdXdYGzH\`NEUCaU@",
      "dcL@@DiYelfjjjjqJLHJ\`NDB\`b\`|HYFIFPTUCYv_hb@xUTNET",
      "foA@@@DiYemtcIFjjjjjbHhpPRbe@ND@hHTGc@rFHcDDbdLsfBrVJsV_ha@NEUApj\`",
      "eF@Hp\\IPUA~b\`xUTxUP",
      "gJP@DjZhCaB\`eAyBIgzI@xUT\\Jh",
      "did@@DjUZnjjjPJBHCa@hHhOTDQbYfEGzH\`NEUCaU@",
      "dcL@@DjU[VnjjjjpJBHx\`NDB\`b\`}HQFIfXTUcYtCgzH\`NEUCaU@",
      "f\`qA@@@YEDeDehTj\\UijjjjjbDHhQrbU@NDLhITGmHpdTaf\\bTJsVFrvNs}DHqpjiNET",
    ],
    "idCode": "dax@P@VRVTfWZjh@@",
    "mf": "C6H12",
    "mfInfo": {
      "atoms": {
        "C": 6,
        "H": 12,
      },
      "charge": 0,
      "mass": 84.15970442908082,
      "mf": "C6H12",
      "monoisotopicMass": 84.09390038676,
      "unsaturation": 1,
    },
  },
  {
    "atomMap": [
      6,
      16,
    ],
    "fragmentType": "cyclic",
    "hose": "daD@@DiYbZjjdQY@xPJBJCqAdXdYGzH\`NEUCaU@ dcL@@DiYelfjjjjqJLHJ\`NDB\`b\`|HYFIFPTUCYv_hb@xUTNET dcL@@DjU[VnjjjjpJBHx\`NDB\`b\`}HQFIfXTUcYtCgzH\`NEUCaU@ did@@DjUZnjjjPJBHCa@hHhOTDQbYfEGzH\`NEUCaU@ eF@Hp\\IPUA~b\`xUTxUP eF@Hp\\IPUA~b\`xUTxUP f\`qA@@@YEDeDehTj\\UijjjjjbDHhQrbU@NDLhITGmHpdTaf\\bTJsVFrvNs}DHqpjiNET foA@@@DiYemtcIFjjjjjbHhpPRbe@ND@hHTGc@rFHcDDbdLsfBrVJsV_ha@NEUApj\` gC\`@Dij@xPhIP^PrY~bPNEUGBj@ gJP@DjZhCaB\`eAyBIgzI@xUT\\Jh",
    "hoseCodes": [
      "eF@Hp\\IPUA~b\`xUTxUP",
      "gC\`@Dij@xPhIP^PrY~bPNEUGBj@",
      "daD@@DiYbZjjdQY@xPJBJCqAdXdYGzH\`NEUCaU@",
      "dcL@@DiYelfjjjjqJLHJ\`NDB\`b\`|HYFIFPTUCYv_hb@xUTNET",
      "foA@@@DiYemtcIFjjjjjbHhpPRbe@ND@hHTGc@rFHcDDbdLsfBrVJsV_ha@NEUApj\`",
      "eF@Hp\\IPUA~b\`xUTxUP",
      "gJP@DjZhCaB\`eAyBIgzI@xUT\\Jh",
      "did@@DjUZnjjjPJBHCa@hHhOTDQbYfEGzH\`NEUCaU@",
      "dcL@@DjU[VnjjjjpJBHx\`NDB\`b\`}HQFIfXTUcYtCgzH\`NEUCaU@",
      "f\`qA@@@YEDeDehTj\\UijjjjjbDHhQrbU@NDLhITGmHpdTaf\\bTJsVFrvNs}DHqpjiNET",
    ],
    "idCode": "dklHPCAYUYRVYewijjji\`@",
    "mf": "C10H16O",
    "mfInfo": {
      "atoms": {
        "C": 10,
        "H": 16,
        "O": 1,
      },
      "charge": 0,
      "mass": 152.23381595656318,
      "mf": "C10H16O",
      "monoisotopicMass": 152.12011513525002,
      "unsaturation": 3,
    },
  },
  {
    "atomMap": [
      6,
      16,
    ],
    "fragmentType": "cyclic",
    "hose": "deT@@DjVVhZjjk@hR\`b@xPJBJCuADXdYaQ~bHCaUPxUP deT@@DjVYjZjji@hR\`NDB\`b\`}PQFIFPV_hb@xUTNET dg|H@@rJIJIKPurzuUUUTQTUQqDdApaTCTGiSBbh[NbXWMp|QDIpjf\\Jh dk\\@@DjVY}j^VjjjjbBaJLhd\`NDB\`b\`|hQFIFPVUcYvCdq~bHCaUPxUP eF@Hp\\IPUA~b\`xUTxUP eF@Hp\\IPUA~b\`xUTxUP f\`qA@@@YEDeDdeJj\\TYjjjjjbDhiQpbQ@NDDhFTGcHsFDbdLsdBrTJpvVqv_haBNETqpj\` foAA@@@YEDeDddcQbcMUUUUQBTTHYPj\`GBFTDjCqdYcBQRFQsAYKEQkcY[OtPcGBjdxUP gJP@DjZhCaB\`eAyBIgzI@xUT\\Jh gJP@DjZhCaB\`eAyBIgzI@xUT\\Jh",
    "hoseCodes": [
      "eF@Hp\\IPUA~b\`xUTxUP",
      "gJP@DjZhCaB\`eAyBIgzI@xUT\\Jh",
      "deT@@DjVYjZjji@hR\`NDB\`b\`}PQFIFPV_hb@xUTNET",
      "dk\\@@DjVY}j^VjjjjbBaJLhd\`NDB\`b\`|hQFIFPVUcYvCdq~bHCaUPxUP",
      "foAA@@@YEDeDddcQbcMUUUUQBTTHYPj\`GBFTDjCqdYcBQRFQsAYKEQkcY[OtPcGBjdxUP",
      "eF@Hp\\IPUA~b\`xUTxUP",
      "gJP@DjZhCaB\`eAyBIgzI@xUT\\Jh",
      "deT@@DjVVhZjjk@hR\`b@xPJBJCuADXdYaQ~bHCaUPxUP",
      "dg|H@@rJIJIKPurzuUUUTQTUQqDdApaTCTGiSBbh[NbXWMp|QDIpjf\\Jh",
      "f\`qA@@@YEDeDdeJj\\TYjjjjjbDhiQpbQ@NDDhFTGcHsFDbdLsdBrTJpvVqv_haBNETqpj\`",
    ],
    "idCode": "ded@P@V^VTeeWjjj@@",
    "mf": "C8H16",
    "mfInfo": {
      "atoms": {
        "C": 8,
        "H": 16,
      },
      "charge": 0,
      "mass": 112.21293923877442,
      "mf": "C8H16",
      "monoisotopicMass": 112.12520051568,
      "unsaturation": 1,
    },
  },
  {
    "atomMap": [
      7,
      15,
    ],
    "fragmentType": "cyclic",
    "hose": "deT@@DjVVhZjjk@hR\`b@xPJBJCuADXdYaQ~bHCaUPxUP deT@@DjVYjZjji@hR\`NDB\`b\`}PQFIFPV_hb@xUTNET dg|H@@rJIJIKPurzuUUUTQTUQqDdApaTCTGiSBbh[NbXWMp|QDIpjf\\Jh dk\\@@DjVY}j^VjjjjbBaJLhd\`NDB\`b\`|hQFIFPVUcYvCdq~bHCaUPxUP eF@Hp\\IPUA~b\`xUTxUP eF@Hp\\IPUA~b\`xUTxUP f\`qA@@@YEDeDdeJj\\TYjjjjjbDhiQpbQ@NDDhFTGcHsFDbdLsdBrTJpvVqv_haBNETqpj\` foAA@@@YEDeDddcQbcMUUUUQBTTHYPj\`GBFTDjCqdYcBQRFQsAYKEQkcY[OtPcGBjdxUP gJP@DjZhCaB\`eAyBIgzI@xUT\\Jh gJP@DjZhCaB\`eAyBIgzI@xUT\\Jh",
    "hoseCodes": [
      "eF@Hp\\IPUA~b\`xUTxUP",
      "gJP@DjZhCaB\`eAyBIgzI@xUT\\Jh",
      "deT@@DjVYjZjji@hR\`NDB\`b\`}PQFIFPV_hb@xUTNET",
      "dk\\@@DjVY}j^VjjjjbBaJLhd\`NDB\`b\`|hQFIFPVUcYvCdq~bHCaUPxUP",
      "foAA@@@YEDeDddcQbcMUUUUQBTTHYPj\`GBFTDjCqdYcBQRFQsAYKEQkcY[OtPcGBjdxUP",
      "eF@Hp\\IPUA~b\`xUTxUP",
      "gJP@DjZhCaB\`eAyBIgzI@xUT\\Jh",
      "deT@@DjVVhZjjk@hR\`b@xPJBJCuADXdYaQ~bHCaUPxUP",
      "dg|H@@rJIJIKPurzuUUUTQTUQqDdApaTCTGiSBbh[NbXWMp|QDIpjf\\Jh",
      "f\`qA@@@YEDeDdeJj\\TYjjjjjbDhiQpbQ@NDDhFTGcHsFDbdLsdBrTJpvVqv_haBNETqpj\`",
    ],
    "idCode": "dmtHPEAYIYRYf}XZjjf@@",
    "mf": "C8H12O",
    "mfInfo": {
      "atoms": {
        "C": 8,
        "H": 12,
        "O": 1,
      },
      "charge": 0,
      "mass": 124.1805811468696,
      "mf": "C8H12O",
      "monoisotopicMass": 124.08881500633,
      "unsaturation": 3,
    },
  },
  {
    "atomMap": [
      4,
      6,
    ],
    "fragmentType": "cyclic",
    "hose": "dcL@@DjU[VnjjjjpJBHx\`NDB\`b\`}HQFIfXTUcYtCgzH\`NEUCaU@ deT@@DjVYjZjji@hR\`NDB\`b\`}PQFIFPV_hb@xUTNET did@@DjUZnjjjPJBHCa@hHhOTDQbYfEGzH\`NEUCaU@ dk\\@@DjVY}j^VjjjjbBaJLhd\`NDB\`b\`|hQFIFPVUcYvCdq~bHCaUPxUP eF@Hp\\IPUA~b\`xUTxUP eF@Hp\\IPUA~b\`xUTxUP f\`qA@@@YEDeDehTj\\UijjjjjbDHhQrbU@NDLhITGmHpdTaf\\bTJsVFrvNs}DHqpjiNET foAA@@@YEDeDddcQbcMUUUUQBTTHYPj\`GBFTDjCqdYcBQRFQsAYKEQkcY[OtPcGBjdxUP gJP@DjZhCaB\`eAyBIgzI@xUT\\Jh gJP@DjZhCaB\`eAyBIgzI@xUT\\Jh",
    "hoseCodes": [
      "eF@Hp\\IPUA~b\`xUTxUP",
      "gJP@DjZhCaB\`eAyBIgzI@xUT\\Jh",
      "deT@@DjVYjZjji@hR\`NDB\`b\`}PQFIFPV_hb@xUTNET",
      "dk\\@@DjVY}j^VjjjjbBaJLhd\`NDB\`b\`|hQFIFPVUcYvCdq~bHCaUPxUP",
      "foAA@@@YEDeDddcQbcMUUUUQBTTHYPj\`GBFTDjCqdYcBQRFQsAYKEQkcY[OtPcGBjdxUP",
      "eF@Hp\\IPUA~b\`xUTxUP",
      "gJP@DjZhCaB\`eAyBIgzI@xUT\\Jh",
      "did@@DjUZnjjjPJBHCa@hHhOTDQbYfEGzH\`NEUCaU@",
      "dcL@@DjU[VnjjjjpJBHx\`NDB\`b\`}HQFIfXTUcYtCgzH\`NEUCaU@",
      "f\`qA@@@YEDeDehTj\\UijjjjjbDHhQrbU@NDLhITGmHpdTaf\\bTJsVFrvNs}DHqpjiNET",
    ],
    "idCode": "diD@P@VVVTfU^jj\`@",
    "mf": "C7H14",
    "mfInfo": {
      "atoms": {
        "C": 7,
        "H": 14,
      },
      "charge": 0,
      "mass": 98.18632183392762,
      "mf": "C7H14",
      "monoisotopicMass": 98.10955045122,
      "unsaturation": 1,
    },
  },
  {
    "atomMap": [
      7,
      16,
    ],
    "fragmentType": "cyclic",
    "hose": "dcL@@DjU[VnjjjjpJBHx\`NDB\`b\`}HQFIfXTUcYtCgzH\`NEUCaU@ deT@@DjVYjZjji@hR\`NDB\`b\`}PQFIFPV_hb@xUTNET did@@DjUZnjjjPJBHCa@hHhOTDQbYfEGzH\`NEUCaU@ dk\\@@DjVY}j^VjjjjbBaJLhd\`NDB\`b\`|hQFIFPVUcYvCdq~bHCaUPxUP eF@Hp\\IPUA~b\`xUTxUP eF@Hp\\IPUA~b\`xUTxUP f\`qA@@@YEDeDehTj\\UijjjjjbDHhQrbU@NDLhITGmHpdTaf\\bTJsVFrvNs}DHqpjiNET foAA@@@YEDeDddcQbcMUUUUQBTTHYPj\`GBFTDjCqdYcBQRFQsAYKEQkcY[OtPcGBjdxUP gJP@DjZhCaB\`eAyBIgzI@xUT\\Jh gJP@DjZhCaB\`eAyBIgzI@xUT\\Jh",
    "hoseCodes": [
      "eF@Hp\\IPUA~b\`xUTxUP",
      "gJP@DjZhCaB\`eAyBIgzI@xUT\\Jh",
      "deT@@DjVYjZjji@hR\`NDB\`b\`}PQFIFPV_hb@xUTNET",
      "dk\\@@DjVY}j^VjjjjbBaJLhd\`NDB\`b\`|hQFIFPVUcYvCdq~bHCaUPxUP",
      "foAA@@@YEDeDddcQbcMUUUUQBTTHYPj\`GBFTDjCqdYcBQRFQsAYKEQkcY[OtPcGBjdxUP",
      "eF@Hp\\IPUA~b\`xUTxUP",
      "gJP@DjZhCaB\`eAyBIgzI@xUT\\Jh",
      "did@@DjUZnjjjPJBHCa@hHhOTDQbYfEGzH\`NEUCaU@",
      "dcL@@DjU[VnjjjjpJBHx\`NDB\`b\`}HQFIfXTUcYtCgzH\`NEUCaU@",
      "f\`qA@@@YEDeDehTj\\UijjjjjbDHhQrbU@NDLhITGmHpdTaf\\bTJsVFrvNs}DHqpjiNET",
    ],
    "idCode": "dcLHPMAYeYRYfWVFjjjX@@",
    "mf": "C9H14O",
    "mfInfo": {
      "atoms": {
        "C": 9,
        "H": 14,
        "O": 1,
      },
      "charge": 0,
      "mass": 138.20719855171637,
      "mf": "C9H14O",
      "monoisotopicMass": 138.10446507079,
      "unsaturation": 3,
    },
  },
]
`;

exports[`fragment CCCCCC(CC)CCC 1`] = `
[
  {
    "fragmentType": "Molecular Ion",
    "idCode": "dmT@@DjUWzjjh@@",
    "mf": "C11H24",
    "mfInfo": {
      "atoms": {
        "C": 11,
        "H": 24,
      },
      "charge": 0,
      "mass": 156.3086729614264,
      "mf": "C11H24",
      "monoisotopicMass": 156.18780077352,
      "unsaturation": 0,
    },
  },
  {
    "atomMap": [
      0,
    ],
    "fragmentType": "acyclic",
    "hose": "eF@Hp\\IPUA~b\`xUTxUP eM@HzCaJBhOIewzJCaUSaU@ gC\`@Dkj@xPhIP^pr\\lQHGBjcaU@ gGP@DkVj\`NDJBTGjLgKMas}D\`\\JjNET gJP@DkZhCaB\`eAxcIrsY~bPNEUGBj@",
    "hoseCodes": [
      "eF@Hp\\IPUA~b\`xUTxUP",
      "eM@HzCaJBhOIewzJCaUSaU@",
      "gC\`@Dkj@xPhIP^pr\\lQHGBjcaU@",
      "gJP@DkZhCaB\`eAxcIrsY~bPNEUGBj@",
      "gGP@DkVj\`NDJBTGjLgKMas}D\`\\JjNET",
    ],
    "idCode": "eFBAYc@@",
    "mf": "CH3",
    "mfInfo": {
      "atoms": {
        "C": 1,
        "H": 3,
      },
      "charge": 0,
      "mass": 15.03455815890258,
      "mf": "CH3",
      "monoisotopicMass": 15.02347509669,
      "unsaturation": 0.5,
    },
  },
  {
    "atomMap": [
      1,
    ],
    "fragmentType": "acyclic",
    "hose": "eF@Hp\\IPUA~b\`xUTxUP eM@HzCaJBhOIewzJCaUSaU@ gC\`@Dkj@xPhIP^pr\\lQHGBjcaU@ gGP@DkVj\`NDJBTGjLgKMas}D\`\\JjNET gJP@DkZhCaB\`eAxcIrsY~bPNEUGBj@",
    "hoseCodes": [
      "eF@Hp\\IPUA~b\`xUTxUP",
      "eM@HzCaJBhOIewzJCaUSaU@",
      "gC\`@Dkj@xPhIP^pr\\lQHGBjcaU@",
      "gJP@DkZhCaB\`eAxcIrsY~bPNEUGBj@",
      "gGP@DkVj\`NDJBTGjLgKMas}D\`\\JjNET",
    ],
    "idCode": "dmT@\`@VTeUeZjjh@@",
    "mf": "C10H21",
    "mfInfo": {
      "atoms": {
        "C": 10,
        "H": 21,
      },
      "charge": 0,
      "mass": 141.2741148025238,
      "mf": "C10H21",
      "monoisotopicMass": 141.16432567683,
      "unsaturation": 0.5,
    },
  },
  {
    "atomMap": [
      1,
    ],
    "fragmentType": "acyclic",
    "hose": "dax@@Di]jjh@xPJBJCsAdXfYqYT_hb@xUTNET eF@Hp\\IPUA~b\`xUTxUP gC\`@Dij@xPhIP^PrY~bPNEUGBj@ gGP@Di^j\`NDJBTGjLfKMqs}D\`\\JjNET gJP@DiZhCaB\`eAxcIbs]~bPNEUGBj@",
    "hoseCodes": [
      "eF@Hp\\IPUA~b\`xUTxUP",
      "gC\`@Dij@xPhIP^PrY~bPNEUGBj@",
      "gJP@DiZhCaB\`eAxcIbs]~bPNEUGBj@",
      "gGP@Di^j\`NDJBTGjLfKMqs}D\`\\JjNET",
      "dax@@Di]jjh@xPJBJCsAdXfYqYT_hb@xUTNET",
    ],
    "idCode": "eMBAYRZ@",
    "mf": "C2H5",
    "mfInfo": {
      "atoms": {
        "C": 2,
        "H": 5,
      },
      "charge": 0,
      "mass": 29.061175563749384,
      "mf": "C2H5",
      "monoisotopicMass": 29.03912516115,
      "unsaturation": 0.5,
    },
  },
  {
    "atomMap": [
      2,
    ],
    "fragmentType": "acyclic",
    "hose": "dax@@Di]jjh@xPJBJCsAdXfYqYT_hb@xUTNET eF@Hp\\IPUA~b\`xUTxUP gC\`@Dij@xPhIP^PrY~bPNEUGBj@ gGP@Di^j\`NDJBTGjLfKMqs}D\`\\JjNET gJP@DiZhCaB\`eAxcIbs]~bPNEUGBj@",
    "hoseCodes": [
      "eF@Hp\\IPUA~b\`xUTxUP",
      "gC\`@Dij@xPhIP^PrY~bPNEUGBj@",
      "gJP@DiZhCaB\`eAxcIbs]~bPNEUGBj@",
      "gGP@Di^j\`NDJBTGjLfKMqs}D\`\\JjNET",
      "dax@@Di]jjh@xPJBJCsAdXfYqYT_hb@xUTNET",
    ],
    "idCode": "ded@\`@VTeVUjjj@@",
    "mf": "C9H19",
    "mfInfo": {
      "atoms": {
        "C": 9,
        "H": 19,
      },
      "charge": 0,
      "mass": 127.247497397677,
      "mf": "C9H19",
      "monoisotopicMass": 127.14867561237,
      "unsaturation": 0.5,
    },
  },
  {
    "atomMap": [
      2,
    ],
    "fragmentType": "acyclic",
    "hose": "dax@@DiUjjh@xPJBJCsAdXfYaQW_hb@xUTNET ded@@DiUmjjj@NDB\`b\`|HYFIfXTUsYv_hb@xUTNET eF@Hp\\IPUA~b\`xUTxUP gC\`@Dij@xPhIP^PrY~bPNEUGBj@ gGP@DiVj\`NDJBTGbLfKMgzI@xUT\\Jh",
    "hoseCodes": [
      "eF@Hp\\IPUA~b\`xUTxUP",
      "gC\`@Dij@xPhIP^PrY~bPNEUGBj@",
      "gGP@DiVj\`NDJBTGbLfKMgzI@xUT\\Jh",
      "dax@@DiUjjh@xPJBJCsAdXfYaQW_hb@xUTNET",
      "ded@@DiUmjjj@NDB\`b\`|HYFIfXTUsYv_hb@xUTNET",
    ],
    "idCode": "gC\`H@liKT@@",
    "mf": "C3H7",
    "mfInfo": {
      "atoms": {
        "C": 3,
        "H": 7,
      },
      "charge": 0,
      "mass": 43.08779296859618,
      "mf": "C3H7",
      "monoisotopicMass": 43.05477522561,
      "unsaturation": 0.5,
    },
  },
  {
    "atomMap": [
      3,
    ],
    "fragmentType": "acyclic",
    "hose": "dax@@DiUjjh@xPJBJCsAdXfYaQW_hb@xUTNET ded@@DiUmjjj@NDB\`b\`|HYFIfXTUsYv_hb@xUTNET eF@Hp\\IPUA~b\`xUTxUP gC\`@Dij@xPhIP^PrY~bPNEUGBj@ gGP@DiVj\`NDJBTGbLfKMgzI@xUT\\Jh",
    "hoseCodes": [
      "eF@Hp\\IPUA~b\`xUTxUP",
      "gC\`@Dij@xPhIP^PrY~bPNEUGBj@",
      "gGP@DiVj\`NDJBTGbLfKMgzI@xUT\\Jh",
      "dax@@DiUjjh@xPJBJCsAdXfYaQW_hb@xUTNET",
      "ded@@DiUmjjj@NDB\`b\`|HYFIfXTUsYv_hb@xUTNET",
    ],
    "idCode": "diD@\`@VTeYVjj\`@",
    "mf": "C8H17",
    "mfInfo": {
      "atoms": {
        "C": 8,
        "H": 17,
      },
      "charge": 0,
      "mass": 113.22087999283019,
      "mf": "C8H17",
      "monoisotopicMass": 113.13302554791,
      "unsaturation": 0.5,
    },
  },
  {
    "atomMap": [
      3,
    ],
    "fragmentType": "acyclic",
    "hose": "ded@@DiYUjjj@NDB\`b\`}pYFIFXVUcY~bHCaUPxUP dmT@@DiYUZjjjDhCa@hHhOJFQbQfEeXv]\`}O_hb@xUTNET eF@Hp\\IPUA~b\`xUTxUP gC\`@Dij@xPhIP^PrY~bPNEUGBj@ gNp@DiYjj@xPhIP^HrXhv_hdCaUQpj\`",
    "hoseCodes": [
      "eF@Hp\\IPUA~b\`xUTxUP",
      "gC\`@Dij@xPhIP^PrY~bPNEUGBj@",
      "gNp@DiYjj@xPhIP^HrXhv_hdCaUQpj\`",
      "ded@@DiYUjjj@NDB\`b\`}pYFIFXVUcY~bHCaUPxUP",
      "dmT@@DiYUZjjjDhCa@hHhOJFQbQfEeXv]\`}O_hb@xUTNET",
    ],
    "idCode": "gJPH@liJuP@",
    "mf": "C4H9",
    "mfInfo": {
      "atoms": {
        "C": 4,
        "H": 9,
      },
      "charge": 0,
      "mass": 57.114410373442986,
      "mf": "C4H9",
      "monoisotopicMass": 57.07042529007,
      "unsaturation": 0.5,
    },
  },
  {
    "atomMap": [
      4,
    ],
    "fragmentType": "acyclic",
    "hose": "ded@@DiYUjjj@NDB\`b\`}pYFIFXVUcY~bHCaUPxUP dmT@@DiYUZjjjDhCa@hHhOJFQbQfEeXv]\`}O_hb@xUTNET eF@Hp\\IPUA~b\`xUTxUP gC\`@Dij@xPhIP^PrY~bPNEUGBj@ gNp@DiYjj@xPhIP^HrXhv_hdCaUQpj\`",
    "hoseCodes": [
      "eF@Hp\\IPUA~b\`xUTxUP",
      "gC\`@Dij@xPhIP^PrY~bPNEUGBj@",
      "gNp@DiYjj@xPhIP^HrXhv_hdCaUQpj\`",
      "ded@@DiYUjjj@NDB\`b\`}pYFIFXVUcY~bHCaUPxUP",
      "dmT@@DiYUZjjjDhCa@hHhOJFQbQfEeXv]\`}O_hb@xUTNET",
    ],
    "idCode": "dax@\`@VTeeZjh@@",
    "mf": "C7H15",
    "mfInfo": {
      "atoms": {
        "C": 7,
        "H": 15,
      },
      "charge": 0,
      "mass": 99.1942625879834,
      "mf": "C7H15",
      "monoisotopicMass": 99.11737548345,
      "unsaturation": 0.5,
    },
  },
  {
    "atomMap": [
      4,
    ],
    "fragmentType": "acyclic",
    "hose": "dax@@DjUZjh@xPJBJCuADXfYaY~bHCaUPxUP ded@@DjUWjjj\`J@xPJBJCpaDXfYaYVMwY~bHCaUPxUP dmT@@DjUWzjjj@hCa@hHhOJDQbYfEeXw]\`}N_hb@xUTNET eF@Hp\\IPUA~b\`xUTxUP gJP@DjZhCaB\`eAyBIgzI@xUT\\Jh",
    "hoseCodes": [
      "eF@Hp\\IPUA~b\`xUTxUP",
      "gJP@DjZhCaB\`eAyBIgzI@xUT\\Jh",
      "dax@@DjUZjh@xPJBJCuADXfYaY~bHCaUPxUP",
      "ded@@DjUWjjj\`J@xPJBJCpaDXfYaYVMwY~bHCaUPxUP",
      "dmT@@DjUWzjjj@hCa@hHhOJDQbYfEeXw]\`}N_hb@xUTNET",
    ],
    "idCode": "gGPH@liJmU@@",
    "mf": "C5H11",
    "mfInfo": {
      "atoms": {
        "C": 5,
        "H": 11,
      },
      "charge": 0,
      "mass": 71.1410277782898,
      "mf": "C5H11",
      "monoisotopicMass": 71.08607535453,
      "unsaturation": 0.5,
    },
  },
  {
    "atomMap": [
      5,
    ],
    "fragmentType": "acyclic",
    "hose": "dax@@DjUZjh@xPJBJCuADXfYaY~bHCaUPxUP ded@@DjUWjjj\`J@xPJBJCpaDXfYaYVMwY~bHCaUPxUP dmT@@DjUWzjjj@hCa@hHhOJDQbYfEeXw]\`}N_hb@xUTNET eF@Hp\\IPUA~b\`xUTxUP gJP@DjZhCaB\`eAyBIgzI@xUT\\Jh",
    "hoseCodes": [
      "eF@Hp\\IPUA~b\`xUTxUP",
      "gJP@DjZhCaB\`eAyBIgzI@xUT\\Jh",
      "dax@@DjUZjh@xPJBJCuADXfYaY~bHCaUPxUP",
      "ded@@DjUWjjj\`J@xPJBJCpaDXfYaYVMwY~bHCaUPxUP",
      "dmT@@DjUWzjjj@hCa@hHhOJDQbYfEeXw]\`}N_hb@xUTNET",
    ],
    "idCode": "gNpH@liLkUT@@",
    "mf": "C6H13",
    "mfInfo": {
      "atoms": {
        "C": 6,
        "H": 13,
      },
      "charge": 0,
      "mass": 85.16764518313659,
      "mf": "C6H13",
      "monoisotopicMass": 85.10172541899,
      "unsaturation": 0.5,
    },
  },
  {
    "atomMap": [
      5,
    ],
    "fragmentType": "acyclic",
    "hose": "ded@@DjUujjj\`J@xPJBJCtaDXfYa]VMgXO_hb@xUTNET diD@@DjUvjj\`Ca@hHhO\\DQbYfEuXv_hb@xUTNET eF@Hp\\IPUA~b\`xUTxUP gJP@DjZhCaB\`eAyBIgzI@xUT\\Jh gNp@DjUjj@xPhIP^hbXlvGotRApjhxUP",
    "hoseCodes": [
      "eF@Hp\\IPUA~b\`xUTxUP",
      "gJP@DjZhCaB\`eAyBIgzI@xUT\\Jh",
      "gNp@DjUjj@xPhIP^hbXlvGotRApjhxUP",
      "diD@@DjUvjj\`Ca@hHhO\\DQbYfEuXv_hb@xUTNET",
      "ded@@DjUujjj\`J@xPJBJCtaDXfYa]VMgXO_hb@xUTNET",
    ],
    "idCode": "ded@\`@VTfUWjjj@@",
    "mf": "C9H19",
    "mfInfo": {
      "atoms": {
        "C": 9,
        "H": 19,
      },
      "charge": 0,
      "mass": 127.247497397677,
      "mf": "C9H19",
      "monoisotopicMass": 127.14867561237,
      "unsaturation": 0.5,
    },
  },
  {
    "atomMap": [
      6,
    ],
    "fragmentType": "acyclic",
    "hose": "ded@@DjUujjj\`J@xPJBJCtaDXfYa]VMgXO_hb@xUTNET diD@@DjUvjj\`Ca@hHhO\\DQbYfEuXv_hb@xUTNET eF@Hp\\IPUA~b\`xUTxUP gJP@DjZhCaB\`eAyBIgzI@xUT\\Jh gNp@DjUjj@xPhIP^hbXlvGotRApjhxUP",
    "hoseCodes": [
      "eF@Hp\\IPUA~b\`xUTxUP",
      "gJP@DjZhCaB\`eAyBIgzI@xUT\\Jh",
      "gNp@DjUjj@xPhIP^hbXlvGotRApjhxUP",
      "diD@@DjUvjj\`Ca@hHhO\\DQbYfEuXv_hb@xUTNET",
      "ded@@DjUujjj\`J@xPJBJCtaDXfYa]VMgXO_hb@xUTNET",
    ],
    "idCode": "eMBAYRZ@",
    "mf": "C2H5",
    "mfInfo": {
      "atoms": {
        "C": 2,
        "H": 5,
      },
      "charge": 0,
      "mass": 29.061175563749384,
      "mf": "C2H5",
      "monoisotopicMass": 29.03912516115,
      "unsaturation": 0.5,
    },
  },
  {
    "atomMap": [
      6,
    ],
    "fragmentType": "acyclic",
    "hose": "diD@@DkeVjj\`Ca@hHhO\\FQrQfEeXv_hb@xUTNET eF@Hp\\IPUA~b\`xUTxUP eM@HzCaJBhOIewzJCaUSaU@ gJP@DkjhCaB\`eA{CIrc}D\`\\JjNET gNp@Dkejj@xPhIP^hr\\hvGOtRApjhxUP",
    "hoseCodes": [
      "eF@Hp\\IPUA~b\`xUTxUP",
      "eM@HzCaJBhOIewzJCaUSaU@",
      "gJP@DkjhCaB\`eA{CIrc}D\`\\JjNET",
      "gNp@Dkejj@xPhIP^hr\\hvGOtRApjhxUP",
      "diD@@DkeVjj\`Ca@hHhO\\FQrQfEeXv_hb@xUTNET",
    ],
    "idCode": "dmT@\`@VTeeUzjjh@@",
    "mf": "C10H21",
    "mfInfo": {
      "atoms": {
        "C": 10,
        "H": 21,
      },
      "charge": 0,
      "mass": 141.2741148025238,
      "mf": "C10H21",
      "monoisotopicMass": 141.16432567683,
      "unsaturation": 0.5,
    },
  },
  {
    "atomMap": [
      7,
    ],
    "fragmentType": "acyclic",
    "hose": "diD@@DkeVjj\`Ca@hHhO\\FQrQfEeXv_hb@xUTNET eF@Hp\\IPUA~b\`xUTxUP eM@HzCaJBhOIewzJCaUSaU@ gJP@DkjhCaB\`eA{CIrc}D\`\\JjNET gNp@Dkejj@xPhIP^hr\\hvGOtRApjhxUP",
    "hoseCodes": [
      "eF@Hp\\IPUA~b\`xUTxUP",
      "eM@HzCaJBhOIewzJCaUSaU@",
      "gJP@DkjhCaB\`eA{CIrc}D\`\\JjNET",
      "gNp@Dkejj@xPhIP^hr\\hvGOtRApjhxUP",
      "diD@@DkeVjj\`Ca@hHhO\\FQrQfEeXv_hb@xUTNET",
    ],
    "idCode": "eFBAYc@@",
    "mf": "CH3",
    "mfInfo": {
      "atoms": {
        "C": 1,
        "H": 3,
      },
      "charge": 0,
      "mass": 15.03455815890258,
      "mf": "CH3",
      "monoisotopicMass": 15.02347509669,
      "unsaturation": 0.5,
    },
  },
  {
    "atomMap": [
      5,
    ],
    "fragmentType": "acyclic",
    "hose": "dax@@DjUZjh@xPJBJCuADXfYaY~bHCaUPxUP ded@@LdbRRMUUTAPGBAPQP^dHcDsLKJqn{as}DPGBjapj\` diD@@DjUVjjhB\`NDB\`b\`|HQFIfXVUc]w_hb@xUTNET eF@Hp\\IPUA~b\`xUTxUP gJP@DjZhCaB\`eAyBIgzI@xUT\\Jh",
    "hoseCodes": [
      "eF@Hp\\IPUA~b\`xUTxUP",
      "gJP@DjZhCaB\`eAyBIgzI@xUT\\Jh",
      "dax@@DjUZjh@xPJBJCuADXfYaY~bHCaUPxUP",
      "diD@@DjUVjjhB\`NDB\`b\`|HQFIfXVUc]w_hb@xUTNET",
      "ded@@LdbRRMUUTAPGBAPQP^dHcDsLKJqn{as}DPGBjapj\`",
    ],
    "idCode": "diD@\`@VTfUvjj\`@",
    "mf": "C8H17",
    "mfInfo": {
      "atoms": {
        "C": 8,
        "H": 17,
      },
      "charge": 0,
      "mass": 113.22087999283019,
      "mf": "C8H17",
      "monoisotopicMass": 113.13302554791,
      "unsaturation": 0.5,
    },
  },
  {
    "atomMap": [
      8,
    ],
    "fragmentType": "acyclic",
    "hose": "dax@@DjUZjh@xPJBJCuADXfYaY~bHCaUPxUP ded@@LdbRRMUUTAPGBAPQP^dHcDsLKJqn{as}DPGBjapj\` diD@@DjUVjjhB\`NDB\`b\`|HQFIfXVUc]w_hb@xUTNET eF@Hp\\IPUA~b\`xUTxUP gJP@DjZhCaB\`eAyBIgzI@xUT\\Jh",
    "hoseCodes": [
      "eF@Hp\\IPUA~b\`xUTxUP",
      "gJP@DjZhCaB\`eAyBIgzI@xUT\\Jh",
      "dax@@DjUZjh@xPJBJCuADXfYaY~bHCaUPxUP",
      "diD@@DjUVjjhB\`NDB\`b\`|HQFIfXVUc]w_hb@xUTNET",
      "ded@@LdbRRMUUTAPGBAPQP^dHcDsLKJqn{as}DPGBjapj\`",
    ],
    "idCode": "gC\`H@liKT@@",
    "mf": "C3H7",
    "mfInfo": {
      "atoms": {
        "C": 3,
        "H": 7,
      },
      "charge": 0,
      "mass": 43.08779296859618,
      "mf": "C3H7",
      "monoisotopicMass": 43.05477522561,
      "unsaturation": 0.5,
    },
  },
  {
    "atomMap": [
      8,
    ],
    "fragmentType": "acyclic",
    "hose": "dax@@Di[Zjh@xPJBJCsAdXdYqYV_hb@xUTNET diD@@Di[VjjhR\`NDB\`b\`|HYFIF\\VUcYw_hb@xUTNET eF@Hp\\IPUA~b\`xUTxUP gC\`@Dij@xPhIP^PrY~bPNEUGBj@ gGP@DiZj\`NDJBTGbLfJMwzI@xUT\\Jh",
    "hoseCodes": [
      "eF@Hp\\IPUA~b\`xUTxUP",
      "gC\`@Dij@xPhIP^PrY~bPNEUGBj@",
      "gGP@DiZj\`NDJBTGbLfJMwzI@xUT\\Jh",
      "dax@@Di[Zjh@xPJBJCsAdXdYqYV_hb@xUTNET",
      "diD@@Di[VjjhR\`NDB\`b\`|HYFIF\\VUcYw_hb@xUTNET",
    ],
    "idCode": "ded@\`@VTee]jjj@@",
    "mf": "C9H19",
    "mfInfo": {
      "atoms": {
        "C": 9,
        "H": 19,
      },
      "charge": 0,
      "mass": 127.247497397677,
      "mf": "C9H19",
      "monoisotopicMass": 127.14867561237,
      "unsaturation": 0.5,
    },
  },
  {
    "atomMap": [
      9,
    ],
    "fragmentType": "acyclic",
    "hose": "dax@@Di[Zjh@xPJBJCsAdXdYqYV_hb@xUTNET diD@@Di[VjjhR\`NDB\`b\`|HYFIF\\VUcYw_hb@xUTNET eF@Hp\\IPUA~b\`xUTxUP gC\`@Dij@xPhIP^PrY~bPNEUGBj@ gGP@DiZj\`NDJBTGbLfJMwzI@xUT\\Jh",
    "hoseCodes": [
      "eF@Hp\\IPUA~b\`xUTxUP",
      "gC\`@Dij@xPhIP^PrY~bPNEUGBj@",
      "gGP@DiZj\`NDJBTGbLfJMwzI@xUT\\Jh",
      "dax@@Di[Zjh@xPJBJCsAdXdYqYV_hb@xUTNET",
      "diD@@Di[VjjhR\`NDB\`b\`|HYFIF\\VUcYw_hb@xUTNET",
    ],
    "idCode": "eMBAYRZ@",
    "mf": "C2H5",
    "mfInfo": {
      "atoms": {
        "C": 2,
        "H": 5,
      },
      "charge": 0,
      "mass": 29.061175563749384,
      "mf": "C2H5",
      "monoisotopicMass": 29.03912516115,
      "unsaturation": 0.5,
    },
  },
  {
    "atomMap": [
      9,
    ],
    "fragmentType": "acyclic",
    "hose": "dax@@DkYZjh@xPJBJCsAd\\fYAYV_hb@xUTNET eF@Hp\\IPUA~b\`xUTxUP eM@HzCaJBhOIewzJCaUSaU@ gC\`@Dkj@xPhIP^pr\\lQHGBjcaU@ gGP@DkZj\`NDJBTGbLgKMGzI@xUT\\Jh",
    "hoseCodes": [
      "eF@Hp\\IPUA~b\`xUTxUP",
      "eM@HzCaJBhOIewzJCaUSaU@",
      "gC\`@Dkj@xPhIP^pr\\lQHGBjcaU@",
      "gGP@DkZj\`NDJBTGbLgKMGzI@xUT\\Jh",
      "dax@@DkYZjh@xPJBJCsAd\\fYAYV_hb@xUTNET",
    ],
    "idCode": "dmT@\`@VTeYWZjjh@@",
    "mf": "C10H21",
    "mfInfo": {
      "atoms": {
        "C": 10,
        "H": 21,
      },
      "charge": 0,
      "mass": 141.2741148025238,
      "mf": "C10H21",
      "monoisotopicMass": 141.16432567683,
      "unsaturation": 0.5,
    },
  },
  {
    "atomMap": [
      10,
    ],
    "fragmentType": "acyclic",
    "hose": "dax@@DkYZjh@xPJBJCsAd\\fYAYV_hb@xUTNET eF@Hp\\IPUA~b\`xUTxUP eM@HzCaJBhOIewzJCaUSaU@ gC\`@Dkj@xPhIP^pr\\lQHGBjcaU@ gGP@DkZj\`NDJBTGbLgKMGzI@xUT\\Jh",
    "hoseCodes": [
      "eF@Hp\\IPUA~b\`xUTxUP",
      "eM@HzCaJBhOIewzJCaUSaU@",
      "gC\`@Dkj@xPhIP^pr\\lQHGBjcaU@",
      "gGP@DkZj\`NDJBTGbLgKMGzI@xUT\\Jh",
      "dax@@DkYZjh@xPJBJCsAd\\fYAYV_hb@xUTNET",
    ],
    "idCode": "eFBAYc@@",
    "mf": "CH3",
    "mfInfo": {
      "atoms": {
        "C": 1,
        "H": 3,
      },
      "charge": 0,
      "mass": 15.03455815890258,
      "mf": "CH3",
      "monoisotopicMass": 15.02347509669,
      "unsaturation": 0.5,
    },
  },
]
`;

exports[`fragment noMolecule 1`] = `
[
  {
    "fragmentType": "Molecular Ion",
    "idCode": "d@",
    "mf": "",
    "mfInfo": {
      "atoms": {},
      "charge": 0,
      "mass": 0,
      "mf": "",
      "monoisotopicMass": 0,
      "unsaturation": 1,
    },
  },
]
`;
