// Jest Snapshot v1, https://goo.gl/fbAQLP

exports[`fragmentAcyclicBonds CCCC 1`] = `
[
  {
    "fragmentType": "Molecular Ion",
    "idCode": "gC\`@Dij@@",
    "mf": "C4H10",
    "mfInfo": {
      "atoms": {
        "C": 4,
        "H": 10,
      },
      "charge": 0,
      "mass": 58.12235112749877,
      "mf": "C4H10",
      "monoisotopicMass": 58.0782503223,
      "unsaturation": 0,
    },
  },
  {
    "atomMap": [
      0,
    ],
    "fragmentType": "acyclic",
    "hose": "eF@Hp\\IPUA~b\`xUTxUP eM@HzCaJBhOIewzJCaUSaU@ gC\`@Dkj@XPhIP_hdCaUQpj\` gC\`@Dkj@XPhIP_hdCaUQpj\` gC\`@Dkj@xPhIP^pr\\lQHGBjcaU@",
    "hoseCodes": [
      "eF@Hp\\IPUA~b\`xUTxUP",
      "eM@HzCaJBhOIewzJCaUSaU@",
      "gC\`@Dkj@xPhIP^pr\\lQHGBjcaU@",
      "gC\`@Dkj@XPhIP_hdCaUQpj\`",
      "gC\`@Dkj@XPhIP_hdCaUQpj\`",
    ],
    "idCode": "eFBAYc@@",
    "mf": "CH3",
    "mfInfo": {
      "atoms": {
        "C": 1,
        "H": 3,
      },
      "charge": 0,
      "mass": 15.03455815890258,
      "mf": "CH3",
      "monoisotopicMass": 15.02347509669,
      "unsaturation": 0.5,
    },
    "smiles": "C",
  },
  {
    "atomMap": [
      1,
    ],
    "fragmentType": "acyclic",
    "hose": "eF@Hp\\IPUA~b\`xUTxUP eM@HzCaJBhOIewzJCaUSaU@ gC\`@Dkj@XPhIP_hdCaUQpj\` gC\`@Dkj@XPhIP_hdCaUQpj\` gC\`@Dkj@xPhIP^pr\\lQHGBjcaU@",
    "hoseCodes": [
      "eF@Hp\\IPUA~b\`xUTxUP",
      "eM@HzCaJBhOIewzJCaUSaU@",
      "gC\`@Dkj@xPhIP^pr\\lQHGBjcaU@",
      "gC\`@Dkj@XPhIP_hdCaUQpj\`",
      "gC\`@Dkj@XPhIP_hdCaUQpj\`",
    ],
    "idCode": "gC\`H@liKT@@",
    "mf": "C3H7",
    "mfInfo": {
      "atoms": {
        "C": 3,
        "H": 7,
      },
      "charge": 0,
      "mass": 43.08779296859618,
      "mf": "C3H7",
      "monoisotopicMass": 43.05477522561,
      "unsaturation": 0.5,
    },
    "smiles": "CCC",
  },
  {
    "atomMap": [
      0,
    ],
    "fragmentType": "acyclic",
    "hose": "eF@Hp\\IPUA~b\`xUTxUP gC\`@Dij@XPhIP_hdCaUQpj\` gC\`@Dij@XPhIP_hdCaUQpj\` gC\`@Dij@XPhIP_hdCaUQpj\` gC\`@Dij@xPhIP^PrY~bPNEUGBj@",
    "hoseCodes": [
      "eF@Hp\\IPUA~b\`xUTxUP",
      "gC\`@Dij@xPhIP^PrY~bPNEUGBj@",
      "gC\`@Dij@XPhIP_hdCaUQpj\`",
      "gC\`@Dij@XPhIP_hdCaUQpj\`",
      "gC\`@Dij@XPhIP_hdCaUQpj\`",
    ],
    "idCode": "eMBAYRZ@",
    "mf": "C2H5",
    "mfInfo": {
      "atoms": {
        "C": 2,
        "H": 5,
      },
      "charge": 0,
      "mass": 29.061175563749384,
      "mf": "C2H5",
      "monoisotopicMass": 29.03912516115,
      "unsaturation": 0.5,
    },
    "smiles": "CC",
  },
  {
    "atomMap": [
      2,
    ],
    "fragmentType": "acyclic",
    "hose": "eF@Hp\\IPUA~b\`xUTxUP gC\`@Dij@XPhIP_hdCaUQpj\` gC\`@Dij@XPhIP_hdCaUQpj\` gC\`@Dij@XPhIP_hdCaUQpj\` gC\`@Dij@xPhIP^PrY~bPNEUGBj@",
    "hoseCodes": [
      "eF@Hp\\IPUA~b\`xUTxUP",
      "gC\`@Dij@xPhIP^PrY~bPNEUGBj@",
      "gC\`@Dij@XPhIP_hdCaUQpj\`",
      "gC\`@Dij@XPhIP_hdCaUQpj\`",
      "gC\`@Dij@XPhIP_hdCaUQpj\`",
    ],
    "idCode": "eMBAYRZ@",
    "mf": "C2H5",
    "mfInfo": {
      "atoms": {
        "C": 2,
        "H": 5,
      },
      "charge": 0,
      "mass": 29.061175563749384,
      "mf": "C2H5",
      "monoisotopicMass": 29.03912516115,
      "unsaturation": 0.5,
    },
    "smiles": "CC",
  },
  {
    "atomMap": [
      0,
    ],
    "fragmentType": "acyclic",
    "hose": "eF@Hp\\IPUA~b\`xUTxUP eM@HzCaJBhOIewzJCaUSaU@ gC\`@Dkj@XPhIP_hdCaUQpj\` gC\`@Dkj@XPhIP_hdCaUQpj\` gC\`@Dkj@xPhIP^pr\\lQHGBjcaU@",
    "hoseCodes": [
      "eF@Hp\\IPUA~b\`xUTxUP",
      "eM@HzCaJBhOIewzJCaUSaU@",
      "gC\`@Dkj@xPhIP^pr\\lQHGBjcaU@",
      "gC\`@Dkj@XPhIP_hdCaUQpj\`",
      "gC\`@Dkj@XPhIP_hdCaUQpj\`",
    ],
    "idCode": "gC\`H@liKT@@",
    "mf": "C3H7",
    "mfInfo": {
      "atoms": {
        "C": 3,
        "H": 7,
      },
      "charge": 0,
      "mass": 43.08779296859618,
      "mf": "C3H7",
      "monoisotopicMass": 43.05477522561,
      "unsaturation": 0.5,
    },
    "smiles": "CCC",
  },
  {
    "atomMap": [
      3,
    ],
    "fragmentType": "acyclic",
    "hose": "eF@Hp\\IPUA~b\`xUTxUP eM@HzCaJBhOIewzJCaUSaU@ gC\`@Dkj@XPhIP_hdCaUQpj\` gC\`@Dkj@XPhIP_hdCaUQpj\` gC\`@Dkj@xPhIP^pr\\lQHGBjcaU@",
    "hoseCodes": [
      "eF@Hp\\IPUA~b\`xUTxUP",
      "eM@HzCaJBhOIewzJCaUSaU@",
      "gC\`@Dkj@xPhIP^pr\\lQHGBjcaU@",
      "gC\`@Dkj@XPhIP_hdCaUQpj\`",
      "gC\`@Dkj@XPhIP_hdCaUQpj\`",
    ],
    "idCode": "eFBAYc@@",
    "mf": "CH3",
    "mfInfo": {
      "atoms": {
        "C": 1,
        "H": 3,
      },
      "charge": 0,
      "mass": 15.03455815890258,
      "mf": "CH3",
      "monoisotopicMass": 15.02347509669,
      "unsaturation": 0.5,
    },
    "smiles": "C",
  },
]
`;

exports[`fragmentAcyclicBonds c3ccc(CCCC2CCC1CCCCC1C2)cc3 1`] = `
[
  {
    "fragmentType": "Molecular Ion",
    "idCode": "flu@@@DjU_YVuirshiBBJjjjJ@@",
    "mf": "C19H28",
    "mfInfo": {
      "atoms": {
        "C": 19,
        "H": 28,
      },
      "charge": 0,
      "mass": 256.4263231515315,
      "mf": "C19H28",
      "monoisotopicMass": 256.21910090244,
      "unsaturation": 6,
    },
  },
  {
    "atomMap": [
      0,
    ],
    "fragmentType": "acyclic",
    "hose": "dax@@DjUXHH@xPJBJCqQbQdEgzH\`NEUCaU@ dcL@@DjUWya\`\`bh@NDB\`b\`}LXdYAYTMGXLSGzH\`NEUCaU@ deT@@DjUWXXHH\`@xPJBJCwQbQdEePt]gzH\`NEUCaU@ eF@Hp\\IPUA~b\`xUTxUP gJP@DjXHCaB\`eAzSOtRApjhxUP",
    "hoseCodes": [
      "eF@Hp\\IPUA~b\`xUTxUP",
      "gJP@DjXHCaB\`eAzSOtRApjhxUP",
      "dax@@DjUXHH@xPJBJCqQbQdEgzH\`NEUCaU@",
      "deT@@DjUWXXHH\`@xPJBJCwQbQdEePt]gzH\`NEUCaU@",
      "dcL@@DjUWya\`\`bh@NDB\`b\`}LXdYAYTMGXLSGzH\`NEUCaU@",
    ],
    "idCode": "gFp@DiTt@@@",
    "mf": "C6H6",
    "mfInfo": {
      "atoms": {
        "C": 6,
        "H": 6,
      },
      "charge": 0,
      "mass": 78.11205990474615,
      "mf": "C6H6",
      "monoisotopicMass": 78.04695019338,
      "unsaturation": 4,
    },
    "smiles": "C1(=CC=CC=C1)",
  },
  {
    "atomMap": [
      4,
    ],
    "fragmentType": "acyclic",
    "hose": "dax@@DjUXHH@xPJBJCqQbQdEgzH\`NEUCaU@ dcL@@DjUWya\`\`bh@NDB\`b\`}LXdYAYTMGXLSGzH\`NEUCaU@ deT@@DjUWXXHH\`@xPJBJCwQbQdEePt]gzH\`NEUCaU@ eF@Hp\\IPUA~b\`xUTxUP gJP@DjXHCaB\`eAzSOtRApjhxUP",
    "hoseCodes": [
      "eF@Hp\\IPUA~b\`xUTxUP",
      "gJP@DjXHCaB\`eAzSOtRApjhxUP",
      "dax@@DjUXHH@xPJBJCqQbQdEgzH\`NEUCaU@",
      "deT@@DjUWXXHH\`@xPJBJCwQbQdEePt]gzH\`NEUCaU@",
      "dcL@@DjUWya\`\`bh@NDB\`b\`}LXdYAYTMGXLSGzH\`NEUCaU@",
    ],
    "idCode": "dg|@\`@VTeVUmQd{jjjjj@@",
    "mf": "C13H23",
    "mfInfo": {
      "atoms": {
        "C": 13,
        "H": 23,
      },
      "charge": 0,
      "mass": 179.3222040008411,
      "mf": "C13H23",
      "monoisotopicMass": 179.17997574129,
      "unsaturation": 2.5,
    },
    "smiles": "CCCC2(CCC1(CCCCC1C2))",
  },
  {
    "atomMap": [
      0,
    ],
    "fragmentType": "acyclic",
    "hose": "dg\\@@DiYUgQvhHJJ@Ca@hHhOJFQfXTUCQtCDxn_hb@xUTNET dmT@@DiYUj\`\`h@xPJBJCsAdYfEEPt_hb@xUTNET eF@Hp\\IPUA~b\`xUTxUP gC\`@Dij@xPhIP^PrY~bPNEUGBj@ gNp@DiYjB@xPhIP^prYlQHGBjcaU@",
    "hoseCodes": [
      "eF@Hp\\IPUA~b\`xUTxUP",
      "gC\`@Dij@xPhIP^PrY~bPNEUGBj@",
      "gNp@DiYjB@xPhIP^prYlQHGBjcaU@",
      "dmT@@DiYUj\`\`h@xPJBJCsAdYfEEPt_hb@xUTNET",
      "dg\\@@DiYUgQvhHJJ@Ca@hHhOJFQfXTUCQtCDxn_hb@xUTNET",
    ],
    "idCode": "gOp@DjWkB@@@",
    "mf": "C7H8",
    "mfInfo": {
      "atoms": {
        "C": 7,
        "H": 8,
      },
      "charge": 0,
      "mass": 92.13867730959296,
      "mf": "C7H8",
      "monoisotopicMass": 92.06260025784,
      "unsaturation": 4,
    },
    "smiles": "C1(=CC=C(C)C=C1)",
  },
  {
    "atomMap": [
      5,
    ],
    "fragmentType": "acyclic",
    "hose": "dg\\@@DiYUgQvhHJJ@Ca@hHhOJFQfXTUCQtCDxn_hb@xUTNET dmT@@DiYUj\`\`h@xPJBJCsAdYfEEPt_hb@xUTNET eF@Hp\\IPUA~b\`xUTxUP gC\`@Dij@xPhIP^PrY~bPNEUGBj@ gNp@DiYjB@xPhIP^prYlQHGBjcaU@",
    "hoseCodes": [
      "eF@Hp\\IPUA~b\`xUTxUP",
      "gC\`@Dij@xPhIP^PrY~bPNEUGBj@",
      "gNp@DiYjB@xPhIP^prYlQHGBjcaU@",
      "dmT@@DiYUj\`\`h@xPJBJCsAdYfEEPt_hb@xUTNET",
      "dg\\@@DiYUgQvhHJJ@Ca@hHhOJFQfXTUCQtCDxn_hb@xUTNET",
    ],
    "idCode": "dk\\@\`@VTeYVux]Njjjj\`@",
    "mf": "C12H21",
    "mfInfo": {
      "atoms": {
        "C": 12,
        "H": 21,
      },
      "charge": 0,
      "mass": 165.2955865959943,
      "mf": "C12H21",
      "monoisotopicMass": 165.16432567683,
      "unsaturation": 2.5,
    },
    "smiles": "CCC2(CCC1(CCCCC1C2))",
  },
  {
    "atomMap": [
      0,
    ],
    "fragmentType": "acyclic",
    "hose": "dmT@@DiYUjjj@@xPJBJCsAdXdYaYV_hb@xUTNET do|@@DiYUft]jjhJBQJNHCa@hHhOJFQbQfEeYtCdpl_hb@xUTNET eF@Hp\\IPUA~b\`xUTxUP gC\`@Dij@xPhIP^PrY~bPNEUGBj@ gNp@DiYjj@xPhIP^HrXhv_hdCaUQpj\`",
    "hoseCodes": [
      "eF@Hp\\IPUA~b\`xUTxUP",
      "gC\`@Dij@xPhIP^PrY~bPNEUGBj@",
      "gNp@DiYjj@xPhIP^HrXhv_hdCaUQpj\`",
      "dmT@@DiYUjjj@@xPJBJCsAdXdYaYV_hb@xUTNET",
      "do|@@DiYUft]jjhJBQJNHCa@hHhOJFQbQfEeYtCdpl_hb@xUTNET",
    ],
    "idCode": "daD@@DjUZxHH@@",
    "mf": "C8H10",
    "mfInfo": {
      "atoms": {
        "C": 8,
        "H": 10,
      },
      "charge": 0,
      "mass": 106.16529471443975,
      "mf": "C8H10",
      "monoisotopicMass": 106.0782503223,
      "unsaturation": 4,
    },
    "smiles": "C1(=CC=C(CC)C=C1)",
  },
  {
    "atomMap": [
      6,
    ],
    "fragmentType": "acyclic",
    "hose": "dmT@@DiYUjjj@@xPJBJCsAdXdYaYV_hb@xUTNET do|@@DiYUft]jjhJBQJNHCa@hHhOJFQbQfEeYtCdpl_hb@xUTNET eF@Hp\\IPUA~b\`xUTxUP gC\`@Dij@xPhIP^PrY~bPNEUGBj@ gNp@DiYjj@xPhIP^HrXhv_hdCaUQpj\`",
    "hoseCodes": [
      "eF@Hp\\IPUA~b\`xUTxUP",
      "gC\`@Dij@xPhIP^PrY~bPNEUGBj@",
      "gNp@DiYjj@xPhIP^HrXhv_hdCaUQpj\`",
      "dmT@@DiYUjjj@@xPJBJCsAdXdYaYV_hb@xUTNET",
      "do|@@DiYUft]jjhJBQJNHCa@hHhOJFQbQfEeYtCdpl_hb@xUTNET",
    ],
    "idCode": "dcl@\`@VTee[UnWZjjjh@@",
    "mf": "C11H19",
    "mfInfo": {
      "atoms": {
        "C": 11,
        "H": 19,
      },
      "charge": 0,
      "mass": 151.2689691911475,
      "mf": "C11H19",
      "monoisotopicMass": 151.14867561237,
      "unsaturation": 2.5,
    },
    "smiles": "CC2(CCC1(CCCCC1C2))",
  },
  {
    "atomMap": [
      0,
    ],
    "fragmentType": "acyclic",
    "hose": "dax@@DjUZjh@xPJBJCuADXfYaY~bHCaUPxUP dmt@@DjUVvFjjjdBbb@xPJBJCpaDXfYaYTMgY~bHCaUPxUP do|@@DjUVuYajjjjBpJJHD\`NDB\`b\`|hQFIfXVUCYvCDy~bHCaUPxUP eF@Hp\\IPUA~b\`xUTxUP gJP@DjZhCaB\`eAyBIgzI@xUT\\Jh",
    "hoseCodes": [
      "eF@Hp\\IPUA~b\`xUTxUP",
      "gJP@DjZhCaB\`eAyBIgzI@xUT\\Jh",
      "dax@@DjUZjh@xPJBJCuADXfYaY~bHCaUPxUP",
      "dmt@@DjUVvFjjjdBbb@xPJBJCpaDXfYaYTMgY~bHCaUPxUP",
      "do|@@DjUVuYajjjjBpJJHD\`NDB\`b\`|hQFIfXVUCYvCDy~bHCaUPxUP",
    ],
    "idCode": "did@@DjU^nBBH@@",
    "mf": "C9H12",
    "mfInfo": {
      "atoms": {
        "C": 9,
        "H": 12,
      },
      "charge": 0,
      "mass": 120.19191211928656,
      "mf": "C9H12",
      "monoisotopicMass": 120.09390038676,
      "unsaturation": 4,
    },
    "smiles": "C1(=CC=C(CCC)C=C1)",
  },
  {
    "atomMap": [
      7,
    ],
    "fragmentType": "acyclic",
    "hose": "dax@@DjUZjh@xPJBJCuADXfYaY~bHCaUPxUP dmt@@DjUVvFjjjdBbb@xPJBJCpaDXfYaYTMgY~bHCaUPxUP do|@@DjUVuYajjjjBpJJHD\`NDB\`b\`|hQFIfXVUCYvCDy~bHCaUPxUP eF@Hp\\IPUA~b\`xUTxUP gJP@DjZhCaB\`eAyBIgzI@xUT\\Jh",
    "hoseCodes": [
      "eF@Hp\\IPUA~b\`xUTxUP",
      "gJP@DjZhCaB\`eAyBIgzI@xUT\\Jh",
      "dax@@DjUZjh@xPJBJCuADXfYaY~bHCaUPxUP",
      "dmt@@DjUVvFjjjdBbb@xPJBJCpaDXfYaYTMgY~bHCaUPxUP",
      "do|@@DjUVuYajjjjBpJJHD\`NDB\`b\`|hQFIfXVUCYvCDy~bHCaUPxUP",
    ],
    "idCode": "dmL@\`@VTfUmZZUjjjj@@",
    "mf": "C10H17",
    "mfInfo": {
      "atoms": {
        "C": 10,
        "H": 17,
      },
      "charge": 0,
      "mass": 137.2423517863007,
      "mf": "C10H17",
      "monoisotopicMass": 137.13302554791,
      "unsaturation": 2.5,
    },
    "smiles": "C2(CCC1(CCCCC1C2))",
  },
]
`;
